[FEMU] Log: ===========================================
[FEMU] Log: |        ConfZNS HW Configuration()       |
[FEMU] Log: ===========================================
[FEMU] Log: | nchnl       : 4   | nway      : 4   |
[FEMU] Log: | nchnl/zone  : 2   | nway/zone : 2   |
[FEMU] Log: | die/chip    : 1   |           :       |
[FEMU] Log: | plane/die   : 4   |           :       |
[FEMU] Log: | block       :       |           :       |
[FEMU] Log: | page        : 16KiB|           :       |
[FEMU] Log: ===========================================
[FEMU] Err: zns.c:1820 znssd_init(): nplanes 64 spp->ways 4 spp->planes_per_die 4             spp->dies_per_chip 1              spp->nchnls 4 
 [FEMU] Log: Initial values of dz_unit_allocate:
512 512 512 512 
512 512 512 512 
512 512 512 512 
512 512 512 512 
[FEMU] Log: Initial values of dz_unit_using:
0 0 0 0 
0 0 0 0 
0 0 0 0 
0 0 0 0 
[FEMU] Log: Initial values of every zone:
zone 0 : 0  0  0  0  0  0  0  0  0  0  0  0  0  0  0  0 
zone 1 : 0  0  0  0  0  0  0  0  0  0  0  0  0  0  0  0 
zone 2 : 0  0  0  0  0  0  0  0  0  0  0  0  0  0  0  0 
zone 3 : 0  0  0  0  0  0  0  0  0  0  0  0  0  0  0  0 
zone 4 : 0  0  0  0  0  0  0  0  0  0  0  0  0  0  0  0 
zone 5 : 0  0  0  0  0  0  0  0  0  0  0  0  0  0  0  0 
zone 6 : 0  0  0  0  0  0  0  0  0  0  0  0  0  0  0  0 
zone 7 : 0  0  0  0  0  0  0  0  0  0  0  0  0  0  0  0 
zone 8 : 0  0  0  0  0  0  0  0  0  0  0  0  0  0  0  0 
zone 9 : 0  0  0  0  0  0  0  0  0  0  0  0  0  0  0  0 
zone 10 : 0  0  0  0  0  0  0  0  0  0  0  0  0  0  0  0 
zone 11 : 0  0  0  0  0  0  0  0  0  0  0  0  0  0  0  0 
zone 12 : 0  0  0  0  0  0  0  0  0  0  0  0  0  0  0  0 
zone 13 : 0  0  0  0  0  0  0  0  0  0  0  0  0  0  0  0 
zone 14 : 0  0  0  0  0  0  0  0  0  0  0  0  0  0  0  0 
zone 15 : 0  0  0  0  0  0  0  0  0  0  0  0  0  0  0  0 
zone 16 : 0  0  0  0  0  0  0  0  0  0  0  0  0  0  0  0 
zone 17 : 0  0  0  0  0  0  0  0  0  0  0  0  0  0  0  0 
zone 18 : 0  0  0  0  0  0  0  0  0  0  0  0  0  0  0  0 
zone 19 : 0  0  0  0  0  0  0  0  0  0  0  0  0  0  0  0 
zone 20 : 0  0  0  0  0  0  0  0  0  0  0  0  0  0  0  0 
zone 21 : 0  0  0  0  0  0  0  0  0  0  0  0  0  0  0  0 
zone 22 : 0  0  0  0  0  0  0  0  0  0  0  0  0  0  0  0 
zone 23 : 0  0  0  0  0  0  0  0  0  0  0  0  0  0  0  0 
zone 24 : 0  0  0  0  0  0  0  0  0  0  0  0  0  0  0  0 
zone 25 : 0  0  0  0  0  0  0  0  0  0  0  0  0  0  0  0 
zone 26 : 0  0  0  0  0  0  0  0  0  0  0  0  0  0  0  0 
zone 27 : 0  0  0  0  0  0  0  0  0  0  0  0  0  0  0  0 
zone 28 : 0  0  0  0  0  0  0  0  0  0  0  0  0  0  0  0 
zone 29 : 0  0  0  0  0  0  0  0  0  0  0  0  0  0  0  0 
zone 30 : 0  0  0  0  0  0  0  0  0  0  0  0  0  0  0  0 
zone 31 : 0  0  0  0  0  0  0  0  0  0  0  0  0  0  0  0 
zone 32 : 0  0  0  0  0  0  0  0  0  0  0  0  0  0  0  0 
zone 33 : 0  0  0  0  0  0  0  0  0  0  0  0  0  0  0  0 
zone 34 : 0  0  0  0  0  0  0  0  0  0  0  0  0  0  0  0 
zone 35 : 0  0  0  0  0  0  0  0  0  0  0  0  0  0  0  0 
zone 36 : 0  0  0  0  0  0  0  0  0  0  0  0  0  0  0  0 
zone 37 : 0  0  0  0  0  0  0  0  0  0  0  0  0  0  0  0 
zone 38 : 0  0  0  0  0  0  0  0  0  0  0  0  0  0  0  0 
zone 39 : 0  0  0  0  0  0  0  0  0  0  0  0  0  0  0  0 
zone 40 : 0  0  0  0  0  0  0  0  0  0  0  0  0  0  0  0 
zone 41 : 0  0  0  0  0  0  0  0  0  0  0  0  0  0  0  0 
zone 42 : 0  0  0  0  0  0  0  0  0  0  0  0  0  0  0  0 
zone 43 : 0  0  0  0  0  0  0  0  0  0  0  0  0  0  0  0 
zone 44 : 0  0  0  0  0  0  0  0  0  0  0  0  0  0  0  0 
zone 45 : 0  0  0  0  0  0  0  0  0  0  0  0  0  0  0  0 
zone 46 : 0  0  0  0  0  0  0  0  0  0  0  0  0  0  0  0 
zone 47 : 0  0  0  0  0  0  0  0  0  0  0  0  0  0  0  0 
zone 48 : 0  0  0  0  0  0  0  0  0  0  0  0  0  0  0  0 
zone 49 : 0  0  0  0  0  0  0  0  0  0  0  0  0  0  0  0 
zone 50 : 0  0  0  0  0  0  0  0  0  0  0  0  0  0  0  0 
zone 51 : 0  0  0  0  0  0  0  0  0  0  0  0  0  0  0  0 
zone 52 : 0  0  0  0  0  0  0  0  0  0  0  0  0  0  0  0 
zone 53 : 0  0  0  0  0  0  0  0  0  0  0  0  0  0  0  0 
zone 54 : 0  0  0  0  0  0  0  0  0  0  0  0  0  0  0  0 
zone 55 : 0  0  0  0  0  0  0  0  0  0  0  0  0  0  0  0 
zone 56 : 0  0  0  0  0  0  0  0  0  0  0  0  0  0  0  0 
zone 57 : 0  0  0  0  0  0  0  0  0  0  0  0  0  0  0  0 
zone 58 : 0  0  0  0  0  0  0  0  0  0  0  0  0  0  0  0 
zone 59 : 0  0  0  0  0  0  0  0  0  0  0  0  0  0  0  0 
zone 60 : 0  0  0  0  0  0  0  0  0  0  0  0  0  0  0  0 
zone 61 : 0  0  0  0  0  0  0  0  0  0  0  0  0  0  0  0 
zone 62 : 0  0  0  0  0  0  0  0  0  0  0  0  0  0  0  0 
zone 63 : 0  0  0  0  0  0  0  0  0  0  0  0  0  0  0  0 
zone 64 : 0  0  0  0  0  0  0  0  0  0  0  0  0  0  0  0 
zone 65 : 0  0  0  0  0  0  0  0  0  0  0  0  0  0  0  0 
zone 66 : 0  0  0  0  0  0  0  0  0  0  0  0  0  0  0  0 
zone 67 : 0  0  0  0  0  0  0  0  0  0  0  0  0  0  0  0 
zone 68 : 0  0  0  0  0  0  0  0  0  0  0  0  0  0  0  0 
zone 69 : 0  0  0  0  0  0  0  0  0  0  0  0  0  0  0  0 
zone 70 : 0  0  0  0  0  0  0  0  0  0  0  0  0  0  0  0 
zone 71 : 0  0  0  0  0  0  0  0  0  0  0  0  0  0  0  0 
zone 72 : 0  0  0  0  0  0  0  0  0  0  0  0  0  0  0  0 
zone 73 : 0  0  0  0  0  0  0  0  0  0  0  0  0  0  0  0 
zone 74 : 0  0  0  0  0  0  0  0  0  0  0  0  0  0  0  0 
zone 75 : 0  0  0  0  0  0  0  0  0  0  0  0  0  0  0  0 
zone 76 : 0  0  0  0  0  0  0  0  0  0  0  0  0  0  0  0 
zone 77 : 0  0  0  0  0  0  0  0  0  0  0  0  0  0  0  0 
zone 78 : 0  0  0  0  0  0  0  0  0  0  0  0  0  0  0  0 
zone 79 : 0  0  0  0  0  0  0  0  0  0  0  0  0  0  0  0 
zone 80 : 0  0  0  0  0  0  0  0  0  0  0  0  0  0  0  0 
zone 81 : 0  0  0  0  0  0  0  0  0  0  0  0  0  0  0  0 
zone 82 : 0  0  0  0  0  0  0  0  0  0  0  0  0  0  0  0 
zone 83 : 0  0  0  0  0  0  0  0  0  0  0  0  0  0  0  0 
zone 84 : 0  0  0  0  0  0  0  0  0  0  0  0  0  0  0  0 
zone 85 : 0  0  0  0  0  0  0  0  0  0  0  0  0  0  0  0 
zone 86 : 0  0  0  0  0  0  0  0  0  0  0  0  0  0  0  0 
zone 87 : 0  0  0  0  0  0  0  0  0  0  0  0  0  0  0  0 
zone 88 : 0  0  0  0  0  0  0  0  0  0  0  0  0  0  0  0 
zone 89 : 0  0  0  0  0  0  0  0  0  0  0  0  0  0  0  0 
zone 90 : 0  0  0  0  0  0  0  0  0  0  0  0  0  0  0  0 
zone 91 : 0  0  0  0  0  0  0  0  0  0  0  0  0  0  0  0 
zone 92 : 0  0  0  0  0  0  0  0  0  0  0  0  0  0  0  0 
zone 93 : 0  0  0  0  0  0  0  0  0  0  0  0  0  0  0  0 
zone 94 : 0  0  0  0  0  0  0  0  0  0  0  0  0  0  0  0 
zone 95 : 0  0  0  0  0  0  0  0  0  0  0  0  0  0  0  0 
zone 96 : 0  0  0  0  0  0  0  0  0  0  0  0  0  0  0  0 
zone 97 : 0  0  0  0  0  0  0  0  0  0  0  0  0  0  0  0 
zone 98 : 0  0  0  0  0  0  0  0  0  0  0  0  0  0  0  0 
zone 99 : 0  0  0  0  0  0  0  0  0  0  0  0  0  0  0  0 
zone 100 : 0  0  0  0  0  0  0  0  0  0  0  0  0  0  0  0 
zone 101 : 0  0  0  0  0  0  0  0  0  0  0  0  0  0  0  0 
zone 102 : 0  0  0  0  0  0  0  0  0  0  0  0  0  0  0  0 
zone 103 : 0  0  0  0  0  0  0  0  0  0  0  0  0  0  0  0 
zone 104 : 0  0  0  0  0  0  0  0  0  0  0  0  0  0  0  0 
zone 105 : 0  0  0  0  0  0  0  0  0  0  0  0  0  0  0  0 
zone 106 : 0  0  0  0  0  0  0  0  0  0  0  0  0  0  0  0 
zone 107 : 0  0  0  0  0  0  0  0  0  0  0  0  0  0  0  0 
zone 108 : 0  0  0  0  0  0  0  0  0  0  0  0  0  0  0  0 
zone 109 : 0  0  0  0  0  0  0  0  0  0  0  0  0  0  0  0 
zone 110 : 0  0  0  0  0  0  0  0  0  0  0  0  0  0  0  0 
zone 111 : 0  0  0  0  0  0  0  0  0  0  0  0  0  0  0  0 
zone 112 : 0  0  0  0  0  0  0  0  0  0  0  0  0  0  0  0 
zone 113 : 0  0  0  0  0  0  0  0  0  0  0  0  0  0  0  0 
zone 114 : 0  0  0  0  0  0  0  0  0  0  0  0  0  0  0  0 
zone 115 : 0  0  0  0  0  0  0  0  0  0  0  0  0  0  0  0 
zone 116 : 0  0  0  0  0  0  0  0  0  0  0  0  0  0  0  0 
zone 117 : 0  0  0  0  0  0  0  0  0  0  0  0  0  0  0  0 
zone 118 : 0  0  0  0  0  0  0  0  0  0  0  0  0  0  0  0 
zone 119 : 0  0  0  0  0  0  0  0  0  0  0  0  0  0  0  0 
zone 120 : 0  0  0  0  0  0  0  0  0  0  0  0  0  0  0  0 
zone 121 : 0  0  0  0  0  0  0  0  0  0  0  0  0  0  0  0 
zone 122 : 0  0  0  0  0  0  0  0  0  0  0  0  0  0  0  0 
zone 123 : 0  0  0  0  0  0  0  0  0  0  0  0  0  0  0  0 
zone 124 : 0  0  0  0  0  0  0  0  0  0  0  0  0  0  0  0 
zone 125 : 0  0  0  0  0  0  0  0  0  0  0  0  0  0  0  0 
zone 126 : 0  0  0  0  0  0  0  0  0  0  0  0  0  0  0  0 
zone 127 : 0  0  0  0  0  0  0  0  0  0  0  0  0  0  0  0 
zone 128 : 0  0  0  0  0  0  0  0  0  0  0  0  0  0  0  0 
zone 129 : 0  0  0  0  0  0  0  0  0  0  0  0  0  0  0  0 
zone 130 : 0  0  0  0  0  0  0  0  0  0  0  0  0  0  0  0 
zone 131 : 0  0  0  0  0  0  0  0  0  0  0  0  0  0  0  0 
zone 132 : 0  0  0  0  0  0  0  0  0  0  0  0  0  0  0  0 
zone 133 : 0  0  0  0  0  0  0  0  0  0  0  0  0  0  0  0 
zone 134 : 0  0  0  0  0  0  0  0  0  0  0  0  0  0  0  0 
zone 135 : 0  0  0  0  0  0  0  0  0  0  0  0  0  0  0  0 
zone 136 : 0  0  0  0  0  0  0  0  0  0  0  0  0  0  0  0 
zone 137 : 0  0  0  0  0  0  0  0  0  0  0  0  0  0  0  0 
zone 138 : 0  0  0  0  0  0  0  0  0  0  0  0  0  0  0  0 
zone 139 : 0  0  0  0  0  0  0  0  0  0  0  0  0  0  0  0 
zone 140 : 0  0  0  0  0  0  0  0  0  0  0  0  0  0  0  0 
zone 141 : 0  0  0  0  0  0  0  0  0  0  0  0  0  0  0  0 
zone 142 : 0  0  0  0  0  0  0  0  0  0  0  0  0  0  0  0 
zone 143 : 0  0  0  0  0  0  0  0  0  0  0  0  0  0  0  0 
zone 144 : 0  0  0  0  0  0  0  0  0  0  0  0  0  0  0  0 
zone 145 : 0  0  0  0  0  0  0  0  0  0  0  0  0  0  0  0 
zone 146 : 0  0  0  0  0  0  0  0  0  0  0  0  0  0  0  0 
zone 147 : 0  0  0  0  0  0  0  0  0  0  0  0  0  0  0  0 
zone 148 : 0  0  0  0  0  0  0  0  0  0  0  0  0  0  0  0 
zone 149 : 0  0  0  0  0  0  0  0  0  0  0  0  0  0  0  0 
zone 150 : 0  0  0  0  0  0  0  0  0  0  0  0  0  0  0  0 
zone 151 : 0  0  0  0  0  0  0  0  0  0  0  0  0  0  0  0 
zone 152 : 0  0  0  0  0  0  0  0  0  0  0  0  0  0  0  0 
zone 153 : 0  0  0  0  0  0  0  0  0  0  0  0  0  0  0  0 
zone 154 : 0  0  0  0  0  0  0  0  0  0  0  0  0  0  0  0 
zone 155 : 0  0  0  0  0  0  0  0  0  0  0  0  0  0  0  0 
zone 156 : 0  0  0  0  0  0  0  0  0  0  0  0  0  0  0  0 
zone 157 : 0  0  0  0  0  0  0  0  0  0  0  0  0  0  0  0 
zone 158 : 0  0  0  0  0  0  0  0  0  0  0  0  0  0  0  0 
zone 159 : 0  0  0  0  0  0  0  0  0  0  0  0  0  0  0  0 
zone 160 : 0  0  0  0  0  0  0  0  0  0  0  0  0  0  0  0 
zone 161 : 0  0  0  0  0  0  0  0  0  0  0  0  0  0  0  0 
zone 162 : 0  0  0  0  0  0  0  0  0  0  0  0  0  0  0  0 
zone 163 : 0  0  0  0  0  0  0  0  0  0  0  0  0  0  0  0 
zone 164 : 0  0  0  0  0  0  0  0  0  0  0  0  0  0  0  0 
zone 165 : 0  0  0  0  0  0  0  0  0  0  0  0  0  0  0  0 
zone 166 : 0  0  0  0  0  0  0  0  0  0  0  0  0  0  0  0 
zone 167 : 0  0  0  0  0  0  0  0  0  0  0  0  0  0  0  0 
zone 168 : 0  0  0  0  0  0  0  0  0  0  0  0  0  0  0  0 
zone 169 : 0  0  0  0  0  0  0  0  0  0  0  0  0  0  0  0 
zone 170 : 0  0  0  0  0  0  0  0  0  0  0  0  0  0  0  0 
zone 171 : 0  0  0  0  0  0  0  0  0  0  0  0  0  0  0  0 
zone 172 : 0  0  0  0  0  0  0  0  0  0  0  0  0  0  0  0 
zone 173 : 0  0  0  0  0  0  0  0  0  0  0  0  0  0  0  0 
zone 174 : 0  0  0  0  0  0  0  0  0  0  0  0  0  0  0  0 
zone 175 : 0  0  0  0  0  0  0  0  0  0  0  0  0  0  0  0 
zone 176 : 0  0  0  0  0  0  0  0  0  0  0  0  0  0  0  0 
zone 177 : 0  0  0  0  0  0  0  0  0  0  0  0  0  0  0  0 
zone 178 : 0  0  0  0  0  0  0  0  0  0  0  0  0  0  0  0 
zone 179 : 0  0  0  0  0  0  0  0  0  0  0  0  0  0  0  0 
zone 180 : 0  0  0  0  0  0  0  0  0  0  0  0  0  0  0  0 
zone 181 : 0  0  0  0  0  0  0  0  0  0  0  0  0  0  0  0 
zone 182 : 0  0  0  0  0  0  0  0  0  0  0  0  0  0  0  0 
zone 183 : 0  0  0  0  0  0  0  0  0  0  0  0  0  0  0  0 
zone 184 : 0  0  0  0  0  0  0  0  0  0  0  0  0  0  0  0 
zone 185 : 0  0  0  0  0  0  0  0  0  0  0  0  0  0  0  0 
zone 186 : 0  0  0  0  0  0  0  0  0  0  0  0  0  0  0  0 
zone 187 : 0  0  0  0  0  0  0  0  0  0  0  0  0  0  0  0 
zone 188 : 0  0  0  0  0  0  0  0  0  0  0  0  0  0  0  0 
zone 189 : 0  0  0  0  0  0  0  0  0  0  0  0  0  0  0  0 
zone 190 : 0  0  0  0  0  0  0  0  0  0  0  0  0  0  0  0 
zone 191 : 0  0  0  0  0  0  0  0  0  0  0  0  0  0  0  0 
zone 192 : 0  0  0  0  0  0  0  0  0  0  0  0  0  0  0  0 
zone 193 : 0  0  0  0  0  0  0  0  0  0  0  0  0  0  0  0 
zone 194 : 0  0  0  0  0  0  0  0  0  0  0  0  0  0  0  0 
zone 195 : 0  0  0  0  0  0  0  0  0  0  0  0  0  0  0  0 
zone 196 : 0  0  0  0  0  0  0  0  0  0  0  0  0  0  0  0 
zone 197 : 0  0  0  0  0  0  0  0  0  0  0  0  0  0  0  0 
zone 198 : 0  0  0  0  0  0  0  0  0  0  0  0  0  0  0  0 
zone 199 : 0  0  0  0  0  0  0  0  0  0  0  0  0  0  0  0 
zone 200 : 0  0  0  0  0  0  0  0  0  0  0  0  0  0  0  0 
zone 201 : 0  0  0  0  0  0  0  0  0  0  0  0  0  0  0  0 
zone 202 : 0  0  0  0  0  0  0  0  0  0  0  0  0  0  0  0 
zone 203 : 0  0  0  0  0  0  0  0  0  0  0  0  0  0  0  0 
zone 204 : 0  0  0  0  0  0  0  0  0  0  0  0  0  0  0  0 
zone 205 : 0  0  0  0  0  0  0  0  0  0  0  0  0  0  0  0 
zone 206 : 0  0  0  0  0  0  0  0  0  0  0  0  0  0  0  0 
zone 207 : 0  0  0  0  0  0  0  0  0  0  0  0  0  0  0  0 
zone 208 : 0  0  0  0  0  0  0  0  0  0  0  0  0  0  0  0 
zone 209 : 0  0  0  0  0  0  0  0  0  0  0  0  0  0  0  0 
zone 210 : 0  0  0  0  0  0  0  0  0  0  0  0  0  0  0  0 
zone 211 : 0  0  0  0  0  0  0  0  0  0  0  0  0  0  0  0 
zone 212 : 0  0  0  0  0  0  0  0  0  0  0  0  0  0  0  0 
zone 213 : 0  0  0  0  0  0  0  0  0  0  0  0  0  0  0  0 
zone 214 : 0  0  0  0  0  0  0  0  0  0  0  0  0  0  0  0 
zone 215 : 0  0  0  0  0  0  0  0  0  0  0  0  0  0  0  0 
zone 216 : 0  0  0  0  0  0  0  0  0  0  0  0  0  0  0  0 
zone 217 : 0  0  0  0  0  0  0  0  0  0  0  0  0  0  0  0 
zone 218 : 0  0  0  0  0  0  0  0  0  0  0  0  0  0  0  0 
zone 219 : 0  0  0  0  0  0  0  0  0  0  0  0  0  0  0  0 
zone 220 : 0  0  0  0  0  0  0  0  0  0  0  0  0  0  0  0 
zone 221 : 0  0  0  0  0  0  0  0  0  0  0  0  0  0  0  0 
zone 222 : 0  0  0  0  0  0  0  0  0  0  0  0  0  0  0  0 
zone 223 : 0  0  0  0  0  0  0  0  0  0  0  0  0  0  0  0 
zone 224 : 0  0  0  0  0  0  0  0  0  0  0  0  0  0  0  0 
zone 225 : 0  0  0  0  0  0  0  0  0  0  0  0  0  0  0  0 
zone 226 : 0  0  0  0  0  0  0  0  0  0  0  0  0  0  0  0 
zone 227 : 0  0  0  0  0  0  0  0  0  0  0  0  0  0  0  0 
zone 228 : 0  0  0  0  0  0  0  0  0  0  0  0  0  0  0  0 
zone 229 : 0  0  0  0  0  0  0  0  0  0  0  0  0  0  0  0 
zone 230 : 0  0  0  0  0  0  0  0  0  0  0  0  0  0  0  0 
zone 231 : 0  0  0  0  0  0  0  0  0  0  0  0  0  0  0  0 
zone 232 : 0  0  0  0  0  0  0  0  0  0  0  0  0  0  0  0 
zone 233 : 0  0  0  0  0  0  0  0  0  0  0  0  0  0  0  0 
zone 234 : 0  0  0  0  0  0  0  0  0  0  0  0  0  0  0  0 
zone 235 : 0  0  0  0  0  0  0  0  0  0  0  0  0  0  0  0 
zone 236 : 0  0  0  0  0  0  0  0  0  0  0  0  0  0  0  0 
zone 237 : 0  0  0  0  0  0  0  0  0  0  0  0  0  0  0  0 
zone 238 : 0  0  0  0  0  0  0  0  0  0  0  0  0  0  0  0 
zone 239 : 0  0  0  0  0  0  0  0  0  0  0  0  0  0  0  0 
zone 240 : 0  0  0  0  0  0  0  0  0  0  0  0  0  0  0  0 
zone 241 : 0  0  0  0  0  0  0  0  0  0  0  0  0  0  0  0 
zone 242 : 0  0  0  0  0  0  0  0  0  0  0  0  0  0  0  0 
zone 243 : 0  0  0  0  0  0  0  0  0  0  0  0  0  0  0  0 
zone 244 : 0  0  0  0  0  0  0  0  0  0  0  0  0  0  0  0 
zone 245 : 0  0  0  0  0  0  0  0  0  0  0  0  0  0  0  0 
zone 246 : 0  0  0  0  0  0  0  0  0  0  0  0  0  0  0  0 
zone 247 : 0  0  0  0  0  0  0  0  0  0  0  0  0  0  0  0 
zone 248 : 0  0  0  0  0  0  0  0  0  0  0  0  0  0  0  0 
zone 249 : 0  0  0  0  0  0  0  0  0  0  0  0  0  0  0  0 
zone 250 : 0  0  0  0  0  0  0  0  0  0  0  0  0  0  0  0 
zone 251 : 0  0  0  0  0  0  0  0  0  0  0  0  0  0  0  0 
zone 252 : 0  0  0  0  0  0  0  0  0  0  0  0  0  0  0  0 
zone 253 : 0  0  0  0  0  0  0  0  0  0  0  0  0  0  0  0 
zone 254 : 0  0  0  0  0  0  0  0  0  0  0  0  0  0  0  0 
zone 255 : 0  0  0  0  0  0  0  0  0  0  0  0  0  0  0  0 
zone 256 : 0  0  0  0  0  0  0  0  0  0  0  0  0  0  0  0 
zone 257 : 0  0  0  0  0  0  0  0  0  0  0  0  0  0  0  0 
zone 258 : 0  0  0  0  0  0  0  0  0  0  0  0  0  0  0  0 
zone 259 : 0  0  0  0  0  0  0  0  0  0  0  0  0  0  0  0 
zone 260 : 0  0  0  0  0  0  0  0  0  0  0  0  0  0  0  0 
zone 261 : 0  0  0  0  0  0  0  0  0  0  0  0  0  0  0  0 
zone 262 : 0  0  0  0  0  0  0  0  0  0  0  0  0  0  0  0 
zone 263 : 0  0  0  0  0  0  0  0  0  0  0  0  0  0  0  0 
zone 264 : 0  0  0  0  0  0  0  0  0  0  0  0  0  0  0  0 
zone 265 : 0  0  0  0  0  0  0  0  0  0  0  0  0  0  0  0 
zone 266 : 0  0  0  0  0  0  0  0  0  0  0  0  0  0  0  0 
zone 267 : 0  0  0  0  0  0  0  0  0  0  0  0  0  0  0  0 
zone 268 : 0  0  0  0  0  0  0  0  0  0  0  0  0  0  0  0 
zone 269 : 0  0  0  0  0  0  0  0  0  0  0  0  0  0  0  0 
zone 270 : 0  0  0  0  0  0  0  0  0  0  0  0  0  0  0  0 
zone 271 : 0  0  0  0  0  0  0  0  0  0  0  0  0  0  0  0 
zone 272 : 0  0  0  0  0  0  0  0  0  0  0  0  0  0  0  0 
zone 273 : 0  0  0  0  0  0  0  0  0  0  0  0  0  0  0  0 
zone 274 : 0  0  0  0  0  0  0  0  0  0  0  0  0  0  0  0 
zone 275 : 0  0  0  0  0  0  0  0  0  0  0  0  0  0  0  0 
zone 276 : 0  0  0  0  0  0  0  0  0  0  0  0  0  0  0  0 
zone 277 : 0  0  0  0  0  0  0  0  0  0  0  0  0  0  0  0 
zone 278 : 0  0  0  0  0  0  0  0  0  0  0  0  0  0  0  0 
zone 279 : 0  0  0  0  0  0  0  0  0  0  0  0  0  0  0  0 
zone 280 : 0  0  0  0  0  0  0  0  0  0  0  0  0  0  0  0 
zone 281 : 0  0  0  0  0  0  0  0  0  0  0  0  0  0  0  0 
zone 282 : 0  0  0  0  0  0  0  0  0  0  0  0  0  0  0  0 
zone 283 : 0  0  0  0  0  0  0  0  0  0  0  0  0  0  0  0 
zone 284 : 0  0  0  0  0  0  0  0  0  0  0  0  0  0  0  0 
zone 285 : 0  0  0  0  0  0  0  0  0  0  0  0  0  0  0  0 
zone 286 : 0  0  0  0  0  0  0  0  0  0  0  0  0  0  0  0 
zone 287 : 0  0  0  0  0  0  0  0  0  0  0  0  0  0  0  0 
zone 288 : 0  0  0  0  0  0  0  0  0  0  0  0  0  0  0  0 
zone 289 : 0  0  0  0  0  0  0  0  0  0  0  0  0  0  0  0 
zone 290 : 0  0  0  0  0  0  0  0  0  0  0  0  0  0  0  0 
zone 291 : 0  0  0  0  0  0  0  0  0  0  0  0  0  0  0  0 
zone 292 : 0  0  0  0  0  0  0  0  0  0  0  0  0  0  0  0 
zone 293 : 0  0  0  0  0  0  0  0  0  0  0  0  0  0  0  0 
zone 294 : 0  0  0  0  0  0  0  0  0  0  0  0  0  0  0  0 
zone 295 : 0  0  0  0  0  0  0  0  0  0  0  0  0  0  0  0 
zone 296 : 0  0  0  0  0  0  0  0  0  0  0  0  0  0  0  0 
zone 297 : 0  0  0  0  0  0  0  0  0  0  0  0  0  0  0  0 
zone 298 : 0  0  0  0  0  0  0  0  0  0  0  0  0  0  0  0 
zone 299 : 0  0  0  0  0  0  0  0  0  0  0  0  0  0  0  0 
zone 300 : 0  0  0  0  0  0  0  0  0  0  0  0  0  0  0  0 
zone 301 : 0  0  0  0  0  0  0  0  0  0  0  0  0  0  0  0 
zone 302 : 0  0  0  0  0  0  0  0  0  0  0  0  0  0  0  0 
zone 303 : 0  0  0  0  0  0  0  0  0  0  0  0  0  0  0  0 
zone 304 : 0  0  0  0  0  0  0  0  0  0  0  0  0  0  0  0 
zone 305 : 0  0  0  0  0  0  0  0  0  0  0  0  0  0  0  0 
zone 306 : 0  0  0  0  0  0  0  0  0  0  0  0  0  0  0  0 
zone 307 : 0  0  0  0  0  0  0  0  0  0  0  0  0  0  0  0 
zone 308 : 0  0  0  0  0  0  0  0  0  0  0  0  0  0  0  0 
zone 309 : 0  0  0  0  0  0  0  0  0  0  0  0  0  0  0  0 
zone 310 : 0  0  0  0  0  0  0  0  0  0  0  0  0  0  0  0 
zone 311 : 0  0  0  0  0  0  0  0  0  0  0  0  0  0  0  0 
zone 312 : 0  0  0  0  0  0  0  0  0  0  0  0  0  0  0  0 
zone 313 : 0  0  0  0  0  0  0  0  0  0  0  0  0  0  0  0 
zone 314 : 0  0  0  0  0  0  0  0  0  0  0  0  0  0  0  0 
zone 315 : 0  0  0  0  0  0  0  0  0  0  0  0  0  0  0  0 
zone 316 : 0  0  0  0  0  0  0  0  0  0  0  0  0  0  0  0 
zone 317 : 0  0  0  0  0  0  0  0  0  0  0  0  0  0  0  0 
zone 318 : 0  0  0  0  0  0  0  0  0  0  0  0  0  0  0  0 
zone 319 : 0  0  0  0  0  0  0  0  0  0  0  0  0  0  0  0 
zone 320 : 0  0  0  0  0  0  0  0  0  0  0  0  0  0  0  0 
zone 321 : 0  0  0  0  0  0  0  0  0  0  0  0  0  0  0  0 
zone 322 : 0  0  0  0  0  0  0  0  0  0  0  0  0  0  0  0 
zone 323 : 0  0  0  0  0  0  0  0  0  0  0  0  0  0  0  0 
zone 324 : 0  0  0  0  0  0  0  0  0  0  0  0  0  0  0  0 
zone 325 : 0  0  0  0  0  0  0  0  0  0  0  0  0  0  0  0 
zone 326 : 0  0  0  0  0  0  0  0  0  0  0  0  0  0  0  0 
zone 327 : 0  0  0  0  0  0  0  0  0  0  0  0  0  0  0  0 
zone 328 : 0  0  0  0  0  0  0  0  0  0  0  0  0  0  0  0 
zone 329 : 0  0  0  0  0  0  0  0  0  0  0  0  0  0  0  0 
zone 330 : 0  0  0  0  0  0  0  0  0  0  0  0  0  0  0  0 
zone 331 : 0  0  0  0  0  0  0  0  0  0  0  0  0  0  0  0 
zone 332 : 0  0  0  0  0  0  0  0  0  0  0  0  0  0  0  0 
zone 333 : 0  0  0  0  0  0  0  0  0  0  0  0  0  0  0  0 
zone 334 : 0  0  0  0  0  0  0  0  0  0  0  0  0  0  0  0 
zone 335 : 0  0  0  0  0  0  0  0  0  0  0  0  0  0  0  0 
zone 336 : 0  0  0  0  0  0  0  0  0  0  0  0  0  0  0  0 
zone 337 : 0  0  0  0  0  0  0  0  0  0  0  0  0  0  0  0 
zone 338 : 0  0  0  0  0  0  0  0  0  0  0  0  0  0  0  0 
zone 339 : 0  0  0  0  0  0  0  0  0  0  0  0  0  0  0  0 
zone 340 : 0  0  0  0  0  0  0  0  0  0  0  0  0  0  0  0 
zone 341 : 0  0  0  0  0  0  0  0  0  0  0  0  0  0  0  0 
zone 342 : 0  0  0  0  0  0  0  0  0  0  0  0  0  0  0  0 
zone 343 : 0  0  0  0  0  0  0  0  0  0  0  0  0  0  0  0 
zone 344 : 0  0  0  0  0  0  0  0  0  0  0  0  0  0  0  0 
zone 345 : 0  0  0  0  0  0  0  0  0  0  0  0  0  0  0  0 
zone 346 : 0  0  0  0  0  0  0  0  0  0  0  0  0  0  0  0 
zone 347 : 0  0  0  0  0  0  0  0  0  0  0  0  0  0  0  0 
zone 348 : 0  0  0  0  0  0  0  0  0  0  0  0  0  0  0  0 
zone 349 : 0  0  0  0  0  0  0  0  0  0  0  0  0  0  0  0 
zone 350 : 0  0  0  0  0  0  0  0  0  0  0  0  0  0  0  0 
zone 351 : 0  0  0  0  0  0  0  0  0  0  0  0  0  0  0  0 
zone 352 : 0  0  0  0  0  0  0  0  0  0  0  0  0  0  0  0 
zone 353 : 0  0  0  0  0  0  0  0  0  0  0  0  0  0  0  0 
zone 354 : 0  0  0  0  0  0  0  0  0  0  0  0  0  0  0  0 
zone 355 : 0  0  0  0  0  0  0  0  0  0  0  0  0  0  0  0 
zone 356 : 0  0  0  0  0  0  0  0  0  0  0  0  0  0  0  0 
zone 357 : 0  0  0  0  0  0  0  0  0  0  0  0  0  0  0  0 
zone 358 : 0  0  0  0  0  0  0  0  0  0  0  0  0  0  0  0 
zone 359 : 0  0  0  0  0  0  0  0  0  0  0  0  0  0  0  0 
zone 360 : 0  0  0  0  0  0  0  0  0  0  0  0  0  0  0  0 
zone 361 : 0  0  0  0  0  0  0  0  0  0  0  0  0  0  0  0 
zone 362 : 0  0  0  0  0  0  0  0  0  0  0  0  0  0  0  0 
zone 363 : 0  0  0  0  0  0  0  0  0  0  0  0  0  0  0  0 
zone 364 : 0  0  0  0  0  0  0  0  0  0  0  0  0  0  0  0 
zone 365 : 0  0  0  0  0  0  0  0  0  0  0  0  0  0  0  0 
zone 366 : 0  0  0  0  0  0  0  0  0  0  0  0  0  0  0  0 
zone 367 : 0  0  0  0  0  0  0  0  0  0  0  0  0  0  0  0 
zone 368 : 0  0  0  0  0  0  0  0  0  0  0  0  0  0  0  0 
zone 369 : 0  0  0  0  0  0  0  0  0  0  0  0  0  0  0  0 
zone 370 : 0  0  0  0  0  0  0  0  0  0  0  0  0  0  0  0 
zone 371 : 0  0  0  0  0  0  0  0  0  0  0  0  0  0  0  0 
zone 372 : 0  0  0  0  0  0  0  0  0  0  0  0  0  0  0  0 
zone 373 : 0  0  0  0  0  0  0  0  0  0  0  0  0  0  0  0 
zone 374 : 0  0  0  0  0  0  0  0  0  0  0  0  0  0  0  0 
zone 375 : 0  0  0  0  0  0  0  0  0  0  0  0  0  0  0  0 
zone 376 : 0  0  0  0  0  0  0  0  0  0  0  0  0  0  0  0 
zone 377 : 0  0  0  0  0  0  0  0  0  0  0  0  0  0  0  0 
zone 378 : 0  0  0  0  0  0  0  0  0  0  0  0  0  0  0  0 
zone 379 : 0  0  0  0  0  0  0  0  0  0  0  0  0  0  0  0 
zone 380 : 0  0  0  0  0  0  0  0  0  0  0  0  0  0  0  0 
zone 381 : 0  0  0  0  0  0  0  0  0  0  0  0  0  0  0  0 
zone 382 : 0  0  0  0  0  0  0  0  0  0  0  0  0  0  0  0 
zone 383 : 0  0  0  0  0  0  0  0  0  0  0  0  0  0  0  0 
zone 384 : 0  0  0  0  0  0  0  0  0  0  0  0  0  0  0  0 
zone 385 : 0  0  0  0  0  0  0  0  0  0  0  0  0  0  0  0 
zone 386 : 0  0  0  0  0  0  0  0  0  0  0  0  0  0  0  0 
zone 387 : 0  0  0  0  0  0  0  0  0  0  0  0  0  0  0  0 
zone 388 : 0  0  0  0  0  0  0  0  0  0  0  0  0  0  0  0 
zone 389 : 0  0  0  0  0  0  0  0  0  0  0  0  0  0  0  0 
zone 390 : 0  0  0  0  0  0  0  0  0  0  0  0  0  0  0  0 
zone 391 : 0  0  0  0  0  0  0  0  0  0  0  0  0  0  0  0 
zone 392 : 0  0  0  0  0  0  0  0  0  0  0  0  0  0  0  0 
zone 393 : 0  0  0  0  0  0  0  0  0  0  0  0  0  0  0  0 
zone 394 : 0  0  0  0  0  0  0  0  0  0  0  0  0  0  0  0 
zone 395 : 0  0  0  0  0  0  0  0  0  0  0  0  0  0  0  0 
zone 396 : 0  0  0  0  0  0  0  0  0  0  0  0  0  0  0  0 
zone 397 : 0  0  0  0  0  0  0  0  0  0  0  0  0  0  0  0 
zone 398 : 0  0  0  0  0  0  0  0  0  0  0  0  0  0  0  0 
zone 399 : 0  0  0  0  0  0  0  0  0  0  0  0  0  0  0  0 
zone 400 : 0  0  0  0  0  0  0  0  0  0  0  0  0  0  0  0 
zone 401 : 0  0  0  0  0  0  0  0  0  0  0  0  0  0  0  0 
zone 402 : 0  0  0  0  0  0  0  0  0  0  0  0  0  0  0  0 
zone 403 : 0  0  0  0  0  0  0  0  0  0  0  0  0  0  0  0 
zone 404 : 0  0  0  0  0  0  0  0  0  0  0  0  0  0  0  0 
zone 405 : 0  0  0  0  0  0  0  0  0  0  0  0  0  0  0  0 
zone 406 : 0  0  0  0  0  0  0  0  0  0  0  0  0  0  0  0 
zone 407 : 0  0  0  0  0  0  0  0  0  0  0  0  0  0  0  0 
zone 408 : 0  0  0  0  0  0  0  0  0  0  0  0  0  0  0  0 
zone 409 : 0  0  0  0  0  0  0  0  0  0  0  0  0  0  0  0 
zone 410 : 0  0  0  0  0  0  0  0  0  0  0  0  0  0  0  0 
zone 411 : 0  0  0  0  0  0  0  0  0  0  0  0  0  0  0  0 
zone 412 : 0  0  0  0  0  0  0  0  0  0  0  0  0  0  0  0 
zone 413 : 0  0  0  0  0  0  0  0  0  0  0  0  0  0  0  0 
zone 414 : 0  0  0  0  0  0  0  0  0  0  0  0  0  0  0  0 
zone 415 : 0  0  0  0  0  0  0  0  0  0  0  0  0  0  0  0 
zone 416 : 0  0  0  0  0  0  0  0  0  0  0  0  0  0  0  0 
zone 417 : 0  0  0  0  0  0  0  0  0  0  0  0  0  0  0  0 
zone 418 : 0  0  0  0  0  0  0  0  0  0  0  0  0  0  0  0 
zone 419 : 0  0  0  0  0  0  0  0  0  0  0  0  0  0  0  0 
zone 420 : 0  0  0  0  0  0  0  0  0  0  0  0  0  0  0  0 
zone 421 : 0  0  0  0  0  0  0  0  0  0  0  0  0  0  0  0 
zone 422 : 0  0  0  0  0  0  0  0  0  0  0  0  0  0  0  0 
zone 423 : 0  0  0  0  0  0  0  0  0  0  0  0  0  0  0  0 
zone 424 : 0  0  0  0  0  0  0  0  0  0  0  0  0  0  0  0 
zone 425 : 0  0  0  0  0  0  0  0  0  0  0  0  0  0  0  0 
zone 426 : 0  0  0  0  0  0  0  0  0  0  0  0  0  0  0  0 
zone 427 : 0  0  0  0  0  0  0  0  0  0  0  0  0  0  0  0 
zone 428 : 0  0  0  0  0  0  0  0  0  0  0  0  0  0  0  0 
zone 429 : 0  0  0  0  0  0  0  0  0  0  0  0  0  0  0  0 
zone 430 : 0  0  0  0  0  0  0  0  0  0  0  0  0  0  0  0 
zone 431 : 0  0  0  0  0  0  0  0  0  0  0  0  0  0  0  0 
zone 432 : 0  0  0  0  0  0  0  0  0  0  0  0  0  0  0  0 
zone 433 : 0  0  0  0  0  0  0  0  0  0  0  0  0  0  0  0 
zone 434 : 0  0  0  0  0  0  0  0  0  0  0  0  0  0  0  0 
zone 435 : 0  0  0  0  0  0  0  0  0  0  0  0  0  0  0  0 
zone 436 : 0  0  0  0  0  0  0  0  0  0  0  0  0  0  0  0 
zone 437 : 0  0  0  0  0  0  0  0  0  0  0  0  0  0  0  0 
zone 438 : 0  0  0  0  0  0  0  0  0  0  0  0  0  0  0  0 
zone 439 : 0  0  0  0  0  0  0  0  0  0  0  0  0  0  0  0 
zone 440 : 0  0  0  0  0  0  0  0  0  0  0  0  0  0  0  0 
zone 441 : 0  0  0  0  0  0  0  0  0  0  0  0  0  0  0  0 
zone 442 : 0  0  0  0  0  0  0  0  0  0  0  0  0  0  0  0 
zone 443 : 0  0  0  0  0  0  0  0  0  0  0  0  0  0  0  0 
zone 444 : 0  0  0  0  0  0  0  0  0  0  0  0  0  0  0  0 
zone 445 : 0  0  0  0  0  0  0  0  0  0  0  0  0  0  0  0 
zone 446 : 0  0  0  0  0  0  0  0  0  0  0  0  0  0  0  0 
zone 447 : 0  0  0  0  0  0  0  0  0  0  0  0  0  0  0  0 
zone 448 : 0  0  0  0  0  0  0  0  0  0  0  0  0  0  0  0 
zone 449 : 0  0  0  0  0  0  0  0  0  0  0  0  0  0  0  0 
zone 450 : 0  0  0  0  0  0  0  0  0  0  0  0  0  0  0  0 
zone 451 : 0  0  0  0  0  0  0  0  0  0  0  0  0  0  0  0 
zone 452 : 0  0  0  0  0  0  0  0  0  0  0  0  0  0  0  0 
zone 453 : 0  0  0  0  0  0  0  0  0  0  0  0  0  0  0  0 
zone 454 : 0  0  0  0  0  0  0  0  0  0  0  0  0  0  0  0 
zone 455 : 0  0  0  0  0  0  0  0  0  0  0  0  0  0  0  0 
zone 456 : 0  0  0  0  0  0  0  0  0  0  0  0  0  0  0  0 
zone 457 : 0  0  0  0  0  0  0  0  0  0  0  0  0  0  0  0 
zone 458 : 0  0  0  0  0  0  0  0  0  0  0  0  0  0  0  0 
zone 459 : 0  0  0  0  0  0  0  0  0  0  0  0  0  0  0  0 
zone 460 : 0  0  0  0  0  0  0  0  0  0  0  0  0  0  0  0 
zone 461 : 0  0  0  0  0  0  0  0  0  0  0  0  0  0  0  0 
zone 462 : 0  0  0  0  0  0  0  0  0  0  0  0  0  0  0  0 
zone 463 : 0  0  0  0  0  0  0  0  0  0  0  0  0  0  0  0 
zone 464 : 0  0  0  0  0  0  0  0  0  0  0  0  0  0  0  0 
zone 465 : 0  0  0  0  0  0  0  0  0  0  0  0  0  0  0  0 
zone 466 : 0  0  0  0  0  0  0  0  0  0  0  0  0  0  0  0 
zone 467 : 0  0  0  0  0  0  0  0  0  0  0  0  0  0  0  0 
zone 468 : 0  0  0  0  0  0  0  0  0  0  0  0  0  0  0  0 
zone 469 : 0  0  0  0  0  0  0  0  0  0  0  0  0  0  0  0 
zone 470 : 0  0  0  0  0  0  0  0  0  0  0  0  0  0  0  0 
zone 471 : 0  0  0  0  0  0  0  0  0  0  0  0  0  0  0  0 
zone 472 : 0  0  0  0  0  0  0  0  0  0  0  0  0  0  0  0 
zone 473 : 0  0  0  0  0  0  0  0  0  0  0  0  0  0  0  0 
zone 474 : 0  0  0  0  0  0  0  0  0  0  0  0  0  0  0  0 
zone 475 : 0  0  0  0  0  0  0  0  0  0  0  0  0  0  0  0 
zone 476 : 0  0  0  0  0  0  0  0  0  0  0  0  0  0  0  0 
zone 477 : 0  0  0  0  0  0  0  0  0  0  0  0  0  0  0  0 
zone 478 : 0  0  0  0  0  0  0  0  0  0  0  0  0  0  0  0 
zone 479 : 0  0  0  0  0  0  0  0  0  0  0  0  0  0  0  0 
zone 480 : 0  0  0  0  0  0  0  0  0  0  0  0  0  0  0  0 
zone 481 : 0  0  0  0  0  0  0  0  0  0  0  0  0  0  0  0 
zone 482 : 0  0  0  0  0  0  0  0  0  0  0  0  0  0  0  0 
zone 483 : 0  0  0  0  0  0  0  0  0  0  0  0  0  0  0  0 
zone 484 : 0  0  0  0  0  0  0  0  0  0  0  0  0  0  0  0 
zone 485 : 0  0  0  0  0  0  0  0  0  0  0  0  0  0  0  0 
zone 486 : 0  0  0  0  0  0  0  0  0  0  0  0  0  0  0  0 
zone 487 : 0  0  0  0  0  0  0  0  0  0  0  0  0  0  0  0 
zone 488 : 0  0  0  0  0  0  0  0  0  0  0  0  0  0  0  0 
zone 489 : 0  0  0  0  0  0  0  0  0  0  0  0  0  0  0  0 
zone 490 : 0  0  0  0  0  0  0  0  0  0  0  0  0  0  0  0 
zone 491 : 0  0  0  0  0  0  0  0  0  0  0  0  0  0  0  0 
zone 492 : 0  0  0  0  0  0  0  0  0  0  0  0  0  0  0  0 
zone 493 : 0  0  0  0  0  0  0  0  0  0  0  0  0  0  0  0 
zone 494 : 0  0  0  0  0  0  0  0  0  0  0  0  0  0  0  0 
zone 495 : 0  0  0  0  0  0  0  0  0  0  0  0  0  0  0  0 
zone 496 : 0  0  0  0  0  0  0  0  0  0  0  0  0  0  0  0 
zone 497 : 0  0  0  0  0  0  0  0  0  0  0  0  0  0  0  0 
zone 498 : 0  0  0  0  0  0  0  0  0  0  0  0  0  0  0  0 
zone 499 : 0  0  0  0  0  0  0  0  0  0  0  0  0  0  0  0 
zone 500 : 0  0  0  0  0  0  0  0  0  0  0  0  0  0  0  0 
zone 501 : 0  0  0  0  0  0  0  0  0  0  0  0  0  0  0  0 
zone 502 : 0  0  0  0  0  0  0  0  0  0  0  0  0  0  0  0 
zone 503 : 0  0  0  0  0  0  0  0  0  0  0  0  0  0  0  0 
zone 504 : 0  0  0  0  0  0  0  0  0  0  0  0  0  0  0  0 
zone 505 : 0  0  0  0  0  0  0  0  0  0  0  0  0  0  0  0 
zone 506 : 0  0  0  0  0  0  0  0  0  0  0  0  0  0  0  0 
zone 507 : 0  0  0  0  0  0  0  0  0  0  0  0  0  0  0  0 
zone 508 : 0  0  0  0  0  0  0  0  0  0  0  0  0  0  0  0 
zone 509 : 0  0  0  0  0  0  0  0  0  0  0  0  0  0  0  0 
zone 510 : 0  0  0  0  0  0  0  0  0  0  0  0  0  0  0  0 
zone 511 : 0  0  0  0  0  0  0  0  0  0  0  0  0  0  0  0 
<=========================Workload: 0=========================>
ËØªÂèñÁöÑÂå∫ÂüüËÆøÈóÆÈ¢ëÊï∞:
ÂÜôÂÖ•ÁöÑÂå∫ÂüüËÆøÈóÆÈ¢ëÊï∞:
ËØªÂÜôÊØî‰æã: 0.00
ReadÂπ≥ÂùáSize: 0.00 KB
WriteÂπ≥ÂùáSize: 0.00 KB
<=========================Workload: 1=========================>
ËØªÂèñÁöÑÂå∫ÂüüËÆøÈóÆÈ¢ëÊï∞:
ÂÜôÂÖ•ÁöÑÂå∫ÂüüËÆøÈóÆÈ¢ëÊï∞:
ËØªÂÜôÊØî‰æã: 0.00
ReadÂπ≥ÂùáSize: 0.00 KB
WriteÂπ≥ÂùáSize: 0.00 KB
<=========================Workload: 2=========================>
ËØªÂèñÁöÑÂå∫ÂüüËÆøÈóÆÈ¢ëÊï∞:
ÂÜôÂÖ•ÁöÑÂå∫ÂüüËÆøÈóÆÈ¢ëÊï∞:
ËØªÂÜôÊØî‰æã: 0.00
ReadÂπ≥ÂùáSize: 0.00 KB
WriteÂπ≥ÂùáSize: 0.00 KB
<=========================Workload: 3=========================>
ËØªÂèñÁöÑÂå∫ÂüüËÆøÈóÆÈ¢ëÊï∞:
ÂÜôÂÖ•ÁöÑÂå∫ÂüüËÆøÈóÆÈ¢ëÊï∞:
ËØªÂÜôÊØî‰æã: 0.00
ReadÂπ≥ÂùáSize: 0.00 KB
WriteÂπ≥ÂùáSize: 0.00 KB
[FEMU] Err: [TEST] zns.c:1767 slba:0  ppa:0 plane:0 chidx:0 chnnl:0 
[FEMU] Err: [TEST] zns.c:1767 slba:16  ppa:0 plane:0 chidx:0 chnnl:0 
[FEMU] Err: [TEST] zns.c:1767 slba:32  ppa:1 plane:1 chidx:0 chnnl:0 
[FEMU] Err: [TEST] zns.c:1767 slba:48  ppa:1 plane:1 chidx:0 chnnl:0 
[FEMU] Err: [TEST] zns.c:1767 slba:64  ppa:2 plane:2 chidx:0 chnnl:0 
[FEMU] Err: [TEST] zns.c:1767 slba:80  ppa:2 plane:2 chidx:0 chnnl:0 
[FEMU] Err: [TEST] zns.c:1767 slba:96  ppa:3 plane:3 chidx:0 chnnl:0 
[FEMU] Err: [TEST] zns.c:1767 slba:112  ppa:3 plane:3 chidx:0 chnnl:0 
[FEMU] Err: [TEST] zns.c:1767 slba:128  ppa:4 plane:4 chidx:1 chnnl:1 
[FEMU] Err: [TEST] zns.c:1767 slba:144  ppa:4 plane:4 chidx:1 chnnl:1 
[FEMU] Err: [TEST] zns.c:1767 slba:160  ppa:5 plane:5 chidx:1 chnnl:1 
[FEMU] Err: [TEST] zns.c:1767 slba:176  ppa:5 plane:5 chidx:1 chnnl:1 
[FEMU] Err: [TEST] zns.c:1767 slba:192  ppa:6 plane:6 chidx:1 chnnl:1 
[FEMU] Err: [TEST] zns.c:1767 slba:208  ppa:6 plane:6 chidx:1 chnnl:1 
[FEMU] Err: [TEST] zns.c:1767 slba:224  ppa:7 plane:7 chidx:1 chnnl:1 
[FEMU] Err: [TEST] zns.c:1767 slba:240  ppa:7 plane:7 chidx:1 chnnl:1 
[FEMU] Err: [TEST] zns.c:1767 slba:256  ppa:16 plane:16 chidx:4 chnnl:0 
[FEMU] Err: [TEST] zns.c:1767 slba:272  ppa:16 plane:16 chidx:4 chnnl:0 
[FEMU] Err: [TEST] zns.c:1767 slba:288  ppa:17 plane:17 chidx:4 chnnl:0 
[FEMU] Err: [TEST] zns.c:1767 slba:304  ppa:17 plane:17 chidx:4 chnnl:0 
[FEMU] Err: [TEST] zns.c:1767 slba:320  ppa:18 plane:18 chidx:4 chnnl:0 
[FEMU] Err: [TEST] zns.c:1767 slba:336  ppa:18 plane:18 chidx:4 chnnl:0 
[FEMU] Err: [TEST] zns.c:1767 slba:352  ppa:19 plane:19 chidx:4 chnnl:0 
[FEMU] Err: [TEST] zns.c:1767 slba:368  ppa:19 plane:19 chidx:4 chnnl:0 
[FEMU] Err: [TEST] zns.c:1767 slba:384  ppa:20 plane:20 chidx:5 chnnl:1 
[FEMU] Err: [TEST] zns.c:1767 slba:400  ppa:20 plane:20 chidx:5 chnnl:1 
[FEMU] Err: [TEST] zns.c:1767 slba:416  ppa:21 plane:21 chidx:5 chnnl:1 
[FEMU] Err: [TEST] zns.c:1767 slba:432  ppa:21 plane:21 chidx:5 chnnl:1 
[FEMU] Err: [TEST] zns.c:1767 slba:448  ppa:22 plane:22 chidx:5 chnnl:1 
[FEMU] Err: [TEST] zns.c:1767 slba:464  ppa:22 plane:22 chidx:5 chnnl:1 
[FEMU] Err: [TEST] zns.c:1767 slba:480  ppa:23 plane:23 chidx:5 chnnl:1 
[FEMU] Err: [TEST] zns.c:1767 slba:496  ppa:23 plane:23 chidx:5 chnnl:1 
[FEMU] Err: [TEST] zns.c:1767 slba:512  ppa:64 plane:0 chidx:0 chnnl:0 
[FEMU] Err: [TEST] zns.c:1767 slba:528  ppa:64 plane:0 chidx:0 chnnl:0 
[FEMU] Err: [TEST] zns.c:1767 slba:544  ppa:65 plane:1 chidx:0 chnnl:0 
[FEMU] Err: [TEST] zns.c:1767 slba:560  ppa:65 plane:1 chidx:0 chnnl:0 
[FEMU] Err: [TEST] zns.c:1767 slba:576  ppa:66 plane:2 chidx:0 chnnl:0 
[FEMU] Err: [TEST] zns.c:1767 slba:592  ppa:66 plane:2 chidx:0 chnnl:0 
[FEMU] Err: [TEST] zns.c:1767 slba:608  ppa:67 plane:3 chidx:0 chnnl:0 
[FEMU] Err: [TEST] zns.c:1767 slba:624  ppa:67 plane:3 chidx:0 chnnl:0 
[FEMU] Err: [TEST] zns.c:1767 slba:640  ppa:68 plane:4 chidx:1 chnnl:1 
[FEMU] Err: [TEST] zns.c:1767 slba:656  ppa:68 plane:4 chidx:1 chnnl:1 
[FEMU] Err: [TEST] zns.c:1767 slba:672  ppa:69 plane:5 chidx:1 chnnl:1 
[FEMU] Err: [TEST] zns.c:1767 slba:688  ppa:69 plane:5 chidx:1 chnnl:1 
[FEMU] Err: [TEST] zns.c:1767 slba:704  ppa:70 plane:6 chidx:1 chnnl:1 
[FEMU] Err: [TEST] zns.c:1767 slba:720  ppa:70 plane:6 chidx:1 chnnl:1 
[FEMU] Err: [TEST] zns.c:1767 slba:736  ppa:71 plane:7 chidx:1 chnnl:1 
[FEMU] Err: [TEST] zns.c:1767 slba:752  ppa:71 plane:7 chidx:1 chnnl:1 
[FEMU] Err: [TEST] zns.c:1767 slba:768  ppa:80 plane:16 chidx:4 chnnl:0 
[FEMU] Err: [TEST] zns.c:1767 slba:784  ppa:80 plane:16 chidx:4 chnnl:0 
[FEMU] Err: [TEST] zns.c:1767 slba:800  ppa:81 plane:17 chidx:4 chnnl:0 
[FEMU] Err: [TEST] zns.c:1767 slba:816  ppa:81 plane:17 chidx:4 chnnl:0 
[FEMU] Err: [TEST] zns.c:1767 slba:832  ppa:82 plane:18 chidx:4 chnnl:0 
[FEMU] Err: [TEST] zns.c:1767 slba:848  ppa:82 plane:18 chidx:4 chnnl:0 
[FEMU] Err: [TEST] zns.c:1767 slba:864  ppa:83 plane:19 chidx:4 chnnl:0 
[FEMU] Err: [TEST] zns.c:1767 slba:880  ppa:83 plane:19 chidx:4 chnnl:0 
[FEMU] Err: [TEST] zns.c:1767 slba:896  ppa:84 plane:20 chidx:5 chnnl:1 
[FEMU] Err: [TEST] zns.c:1767 slba:912  ppa:84 plane:20 chidx:5 chnnl:1 
[FEMU] Err: [TEST] zns.c:1767 slba:928  ppa:85 plane:21 chidx:5 chnnl:1 
[FEMU] Err: [TEST] zns.c:1767 slba:944  ppa:85 plane:21 chidx:5 chnnl:1 
[FEMU] Err: [TEST] zns.c:1767 slba:960  ppa:86 plane:22 chidx:5 chnnl:1 
[FEMU] Err: [TEST] zns.c:1767 slba:976  ppa:86 plane:22 chidx:5 chnnl:1 
[FEMU] Err: [TEST] zns.c:1767 slba:992  ppa:87 plane:23 chidx:5 chnnl:1 
[FEMU] Err: [TEST] zns.c:1767 slba:1008  ppa:87 plane:23 chidx:5 chnnl:1 
[FEMU] Err: [TEST] zns.c:1767 slba:1024  ppa:128 plane:0 chidx:0 chnnl:0 
[FEMU] Err: [TEST] zns.c:1767 slba:1040  ppa:128 plane:0 chidx:0 chnnl:0 
[FEMU] Err: [TEST] zns.c:1767 slba:1056  ppa:129 plane:1 chidx:0 chnnl:0 
[FEMU] Err: [TEST] zns.c:1767 slba:1072  ppa:129 plane:1 chidx:0 chnnl:0 
[FEMU] Err: [TEST] zns.c:1767 slba:1088  ppa:130 plane:2 chidx:0 chnnl:0 
[FEMU] Err: [TEST] zns.c:1767 slba:1104  ppa:130 plane:2 chidx:0 chnnl:0 
[FEMU] Err: [TEST] zns.c:1767 slba:1120  ppa:131 plane:3 chidx:0 chnnl:0 
[FEMU] Err: [TEST] zns.c:1767 slba:1136  ppa:131 plane:3 chidx:0 chnnl:0 
[FEMU] Err: [TEST] zns.c:1767 slba:1152  ppa:132 plane:4 chidx:1 chnnl:1 
[FEMU] Err: [TEST] zns.c:1767 slba:1168  ppa:132 plane:4 chidx:1 chnnl:1 
[FEMU] Err: [TEST] zns.c:1767 slba:1184  ppa:133 plane:5 chidx:1 chnnl:1 
[FEMU] Err: [TEST] zns.c:1767 slba:1200  ppa:133 plane:5 chidx:1 chnnl:1 
[FEMU] Err: [TEST] zns.c:1767 slba:1216  ppa:134 plane:6 chidx:1 chnnl:1 
[FEMU] Err: [TEST] zns.c:1767 slba:1232  ppa:134 plane:6 chidx:1 chnnl:1 
[FEMU] Err: [TEST] zns.c:1767 slba:1248  ppa:135 plane:7 chidx:1 chnnl:1 
[FEMU] Err: [TEST] zns.c:1767 slba:1264  ppa:135 plane:7 chidx:1 chnnl:1 
[FEMU] Err: [TEST] zns.c:1767 slba:1280  ppa:144 plane:16 chidx:4 chnnl:0 
[FEMU] Err: [TEST] zns.c:1767 slba:1296  ppa:144 plane:16 chidx:4 chnnl:0 
[FEMU] Err: [TEST] zns.c:1767 slba:1312  ppa:145 plane:17 chidx:4 chnnl:0 
[FEMU] Err: [TEST] zns.c:1767 slba:1328  ppa:145 plane:17 chidx:4 chnnl:0 
[FEMU] Err: [TEST] zns.c:1767 slba:1344  ppa:146 plane:18 chidx:4 chnnl:0 
[FEMU] Err: [TEST] zns.c:1767 slba:1360  ppa:146 plane:18 chidx:4 chnnl:0 
[FEMU] Err: [TEST] zns.c:1767 slba:1376  ppa:147 plane:19 chidx:4 chnnl:0 
[FEMU] Err: [TEST] zns.c:1767 slba:1392  ppa:147 plane:19 chidx:4 chnnl:0 
[FEMU] Err: [TEST] zns.c:1767 slba:1408  ppa:148 plane:20 chidx:5 chnnl:1 
[FEMU] Err: [TEST] zns.c:1767 slba:1424  ppa:148 plane:20 chidx:5 chnnl:1 
[FEMU] Err: [TEST] zns.c:1767 slba:1440  ppa:149 plane:21 chidx:5 chnnl:1 
[FEMU] Err: [TEST] zns.c:1767 slba:1456  ppa:149 plane:21 chidx:5 chnnl:1 
[FEMU] Err: [TEST] zns.c:1767 slba:1472  ppa:150 plane:22 chidx:5 chnnl:1 
[FEMU] Err: [TEST] zns.c:1767 slba:1488  ppa:150 plane:22 chidx:5 chnnl:1 
[FEMU] Err: [TEST] zns.c:1767 slba:1504  ppa:151 plane:23 chidx:5 chnnl:1 
[FEMU] Err: [TEST] zns.c:1767 slba:1520  ppa:151 plane:23 chidx:5 chnnl:1 
[FEMU] Err: [TEST] zns.c:1767 slba:1536  ppa:192 plane:0 chidx:0 chnnl:0 
[FEMU] Err: [TEST] zns.c:1767 slba:1552  ppa:192 plane:0 chidx:0 chnnl:0 
[FEMU] Err: [TEST] zns.c:1767 slba:1568  ppa:193 plane:1 chidx:0 chnnl:0 
[FEMU] Err: [TEST] zns.c:1767 slba:1584  ppa:193 plane:1 chidx:0 chnnl:0 
c[?7l[2J[0mSeaBIOS (version rel-1.16.2-0-gea1b7a073390-prebuilt.qemu.org)


iPXE (http://ipxe.org) 00:03.0 CA00 PCI2.10 PnP PMM+BEFD1000+BEF31000 CA00
Press Ctrl-B to configure iPXE (PCI 00:03.0)...                                                                               


Booting from Hard Disk...
[H[J[1;1H[    0.000000] Linux version 5.15.0-94-generic (buildd@lcy02-amd64-096) (gcc (Ubuntu 11.4.0-1ubuntu1~22.04) 11.4.0, GNU ld (GNU Binutils for Ubuntu) 2.38) #104-Ubuntu SMP Tue Jan 9 15:25:40 UTC 2024 (Ubuntu 5.15.0-94.104-generic 5.15.136)
[    0.000000] Command line: BOOT_IMAGE=/vmlinuz-5.15.0-94-generic root=/dev/mapper/ubuntu--vg-ubuntu--lv ro ip=dhcp console=ttyS0,115200 console=tty console=ttyS0
[    0.000000] KERNEL supported cpus:
[    0.000000]   Intel GenuineIntel
[    0.000000]   AMD AuthenticAMD
[    0.000000]   Hygon HygonGenuine
[    0.000000]   Centaur CentaurHauls
[    0.000000]   zhaoxin   Shanghai  
[    0.000000] BIOS-provided physical RAM map:
[    0.000000] BIOS-e820: [mem 0x0000000000000000-0x000000000009fbff] usable
[    0.000000] BIOS-e820: [mem 0x000000000009fc00-0x000000000009ffff] reserved
[    0.000000] BIOS-e820: [mem 0x00000000000f0000-0x00000000000fffff] reserved
[    0.000000] BIOS-e820: [mem 0x0000000000100000-0x00000000bffd4fff] usable
[    0.000000] BIOS-e820: [mem 0x00000000bffd5000-0x00000000bfffffff] reserved
[    0.000000] BIOS-e820: [mem 0x00000000feffc000-0x00000000feffffff] reserved
[    0.000000] BIOS-e820: [mem 0x00000000fffc0000-0x00000000ffffffff] reserved
[    0.000000] BIOS-e820: [mem 0x0000000100000000-0x000000023fffffff] usable
[    0.000000] NX (Execute Disable) protection: active
[    0.000000] SMBIOS 2.8 present.
[    0.000000] DMI: QEMU Standard PC (i440FX + PIIX, 1996), BIOS rel-1.16.2-0-gea1b7a073390-prebuilt.qemu.org 04/01/2014
[    0.000000] Hypervisor detected: KVM
[    0.000000] kvm-clock: Using msrs 4b564d01 and 4b564d00
[    0.000000] kvm-clock: cpu 0, msr 14e01001, primary cpu clock
[    0.000003] kvm-clock: using sched offset of 7948426152 cycles
[    0.000008] clocksource: kvm-clock: mask: 0xffffffffffffffff max_cycles: 0x1cd42e4dffb, max_idle_ns: 881590591483 ns
[    0.000014] tsc: Detected 2199.996 MHz processor
[    0.000852] last_pfn = 0x240000 max_arch_pfn = 0x400000000
[    0.000892] x86/PAT: Configuration [0-7]: WB  WC  UC- UC  WB  WP  UC- WT  
[    0.000904] last_pfn = 0xbffd5 max_arch_pfn = 0x400000000
[    0.009599] found SMP MP-table at [mem 0x000f5b90-0x000f5b9f]
[    0.009628] Using GB pages for direct mapping
[    0.010484] RAMDISK: [mem 0x2aebf000-0x31756fff]
[    0.010501] ACPI: Early table checksum verification disabled
[    0.010513] ACPI: RSDP 0x00000000000F5990 000014 (v00 BOCHS )
[    0.010522] ACPI: RSDT 0x00000000BFFE1D86 000034 (v01 BOCHS  BXPC     00000001 BXPC 00000001)
[    0.010536] ACPI: FACP 0x00000000BFFE1C02 000074 (v01 BOCHS  BXPC     00000001 BXPC 00000001)
[    0.010544] ACPI: DSDT 0x00000000BFFE0040 001BC2 (v01 BOCHS  BXPC     00000001 BXPC 00000001)
[    0.010551] ACPI: FACS 0x00000000BFFE0000 000040
[    0.010555] ACPI: APIC 0x00000000BFFE1C76 0000B0 (v01 BOCHS  BXPC     00000001 BXPC 00000001)
[    0.010560] ACPI: HPET 0x00000000BFFE1D26 000038 (v01 BOCHS  BXPC     00000001 BXPC 00000001)
[    0.010564] ACPI: WAET 0x00000000BFFE1D5E 000028 (v01 BOCHS  BXPC     00000001 BXPC 00000001)
[    0.010568] ACPI: Reserving FACP table memory at [mem 0xbffe1c02-0xbffe1c75]
[    0.010570] ACPI: Reserving DSDT table memory at [mem 0xbffe0040-0xbffe1c01]
[    0.010571] ACPI: Reserving FACS table memory at [mem 0xbffe0000-0xbffe003f]
[    0.010572] ACPI: Reserving APIC table memory at [mem 0xbffe1c76-0xbffe1d25]
[    0.010573] ACPI: Reserving HPET table memory at [mem 0xbffe1d26-0xbffe1d5d]
[    0.010575] ACPI: Reserving WAET table memory at [mem 0xbffe1d5e-0xbffe1d85]
[    0.010919] No NUMA configuration found
[    0.010921] Faking a node at [mem 0x0000000000000000-0x000000023fffffff]
[    0.010936] NODE_DATA(0) allocated [mem 0x23ffd4000-0x23fffdfff]
[    0.011308] Zone ranges:
[    0.011309]   DMA      [mem 0x0000000000001000-0x0000000000ffffff]
[    0.011312]   DMA32    [mem 0x0000000001000000-0x00000000ffffffff]
[    0.011314]   Normal   [mem 0x0000000100000000-0x000000023fffffff]
[    0.011316]   Device   empty
[    0.011317] Movable zone start for each node
[    0.011321] Early memory node ranges
[    0.011322]   node   0: [mem 0x0000000000001000-0x000000000009efff]
[    0.011324]   node   0: [mem 0x0000000000100000-0x00000000bffd4fff]
[    0.011325]   node   0: [mem 0x0000000100000000-0x000000023fffffff]
[    0.011328] Initmem setup node 0 [mem 0x0000000000001000-0x000000023fffffff]
[    0.012037] On node 0, zone DMA: 1 pages in unavailable ranges
[    0.012070] On node 0, zone DMA: 97 pages in unavailable ranges
[    0.070618] On node 0, zone Normal: 43 pages in unavailable ranges
[    0.071037] ACPI: PM-Timer IO Port: 0x608
[    0.071064] ACPI: LAPIC_NMI (acpi_id[0xff] dfl dfl lint[0x1])
[    0.071114] IOAPIC[0]: apic_id 0, version 17, address 0xfec00000, GSI 0-23
[    0.071118] ACPI: INT_SRC_OVR (bus 0 bus_irq 0 global_irq 2 dfl dfl)
[    0.071121] ACPI: INT_SRC_OVR (bus 0 bus_irq 5 global_irq 5 high level)
[    0.071122] ACPI: INT_SRC_OVR (bus 0 bus_irq 9 global_irq 9 high level)
[    0.071127] ACPI: INT_SRC_OVR (bus 0 bus_irq 10 global_irq 10 high level)
[    0.071129] ACPI: INT_SRC_OVR (bus 0 bus_irq 11 global_irq 11 high level)
[    0.071133] ACPI: Using ACPI (MADT) for SMP configuration information
[    0.071135] ACPI: HPET id: 0x8086a201 base: 0xfed00000
[    0.071142] TSC deadline timer available
[    0.071144] smpboot: Allowing 8 CPUs, 0 hotplug CPUs
[    0.071164] kvm-guest: KVM setup pv remote TLB flush
[    0.071167] kvm-guest: setup PV sched yield
[    0.071185] PM: hibernation: Registered nosave memory: [mem 0x00000000-0x00000fff]
[    0.071188] PM: hibernation: Registered nosave memory: [mem 0x0009f000-0x0009ffff]
[    0.071189] PM: hibernation: Registered nosave memory: [mem 0x000a0000-0x000effff]
[    0.071191] PM: hibernation: Registered nosave memory: [mem 0x000f0000-0x000fffff]
[    0.071194] PM: hibernation: Registered nosave memory: [mem 0xbffd5000-0xbfffffff]
[    0.071195] PM: hibernation: Registered nosave memory: [mem 0xc0000000-0xfeffbfff]
[    0.071197] PM: hibernation: Registered nosave memory: [mem 0xfeffc000-0xfeffffff]
[    0.071198] PM: hibernation: Registered nosave memory: [mem 0xff000000-0xfffbffff]
[    0.071200] PM: hibernation: Registered nosave memory: [mem 0xfffc0000-0xffffffff]
[    0.071203] [mem 0xc0000000-0xfeffbfff] available for PCI devices
[    0.071205] Booting paravirtualized kernel on KVM
[    0.071214] clocksource: refined-jiffies: mask: 0xffffffff max_cycles: 0xffffffff, max_idle_ns: 7645519600211568 ns
[    0.071227] setup_percpu: NR_CPUS:8192 nr_cpumask_bits:8 nr_cpu_ids:8 nr_node_ids:1
[    0.072177] percpu: Embedded 61 pages/cpu s212992 r8192 d28672 u262144
[    0.072219] kvm-guest: stealtime: cpu 0, msr 237c33080
[    0.072224] kvm-guest: PV spinlocks enabled
[    0.072227] PV qspinlock hash table entries: 256 (order: 0, 4096 bytes, linear)
[    0.072246] Built 1 zonelists, mobility grouping on.  Total pages: 2064085
[    0.072248] Policy zone: Normal
[    0.072250] Kernel command line: BOOT_IMAGE=/vmlinuz-5.15.0-94-generic root=/dev/mapper/ubuntu--vg-ubuntu--lv ro ip=dhcp console=ttyS0,115200 console=tty console=ttyS0
[    0.072341] Unknown kernel command line parameters "BOOT_IMAGE=/vmlinuz-5.15.0-94-generic ip=dhcp", will be passed to user space.
[    0.075429] Dentry cache hash table entries: 1048576 (order: 11, 8388608 bytes, linear)
[    0.076970] Inode-cache hash table entries: 524288 (order: 10, 4194304 bytes, linear)
[    0.077169] mem auto-init: stack:off, heap alloc:on, heap free:off
[    0.131108] Memory: 8010724K/8388044K available (16393K kernel code, 4394K rwdata, 10876K rodata, 3356K init, 18716K bss, 377060K reserved, 0K cma-reserved)
[    0.131447] SLUB: HWalign=64, Order=0-3, MinObjects=0, CPUs=8, Nodes=1
[    0.131472] Kernel/User page tables isolation: enabled
[    0.131520] ftrace: allocating 50666 entries in 198 pages
[    0.158945] ftrace: allocated 198 pages with 4 groups
[    0.159820] rcu: Hierarchical RCU implementation.
[    0.159822] rcu: 	RCU restricting CPUs from NR_CPUS=8192 to nr_cpu_ids=8.
[    0.159824] 	Rude variant of Tasks RCU enabled.
[    0.159825] 	Tracing variant of Tasks RCU enabled.
[    0.159828] rcu: RCU calculated value of scheduler-enlistment delay is 25 jiffies.
[    0.159830] rcu: Adjusting geometry for rcu_fanout_leaf=16, nr_cpu_ids=8
[    0.163980] NR_IRQS: 524544, nr_irqs: 488, preallocated irqs: 16
[    0.164200] random: crng init done
[    0.180974] Console: colour VGA+ 80x25
[    0.219193] printk: console [tty0] enabled
[    0.338275] printk: console [ttyS0] enabled
[    0.339297] ACPI: Core revision 20210730
[    0.341253] clocksource: hpet: mask: 0xffffffff max_cycles: 0xffffffff, max_idle_ns: 19112604467 ns
[    0.343433] APIC: Switch to symmetric I/O mode setup
[    0.344967] x2apic enabled
[    0.346056] Switched APIC routing to physical x2apic.
[    0.347268] kvm-guest: setup PV IPIs
[    0.349504] ..TIMER: vector=0x30 apic1=0 pin1=2 apic2=-1 pin2=-1
[    0.350940] clocksource: tsc-early: mask: 0xffffffffffffffff max_cycles: 0x1fb62f12e8c, max_idle_ns: 440795238402 ns
[    0.353354] Calibrating delay loop (skipped) preset value.. 4399.99 BogoMIPS (lpj=8799984)
[    0.355346] x86/cpu: User Mode Instruction Prevention (UMIP) activated
[    0.357409] Last level iTLB entries: 4KB 0, 2MB 0, 4MB 0
[    0.358618] Last level dTLB entries: 4KB 0, 2MB 0, 4MB 0, 1GB 0
[    0.361357] Spectre V1 : Mitigation: usercopy/swapgs barriers and __user pointer sanitization
[    0.363333] Spectre V2 : Mitigation: Retpolines
[    0.364402] Spectre V2 : Spectre v2 / SpectreRSB mitigation: Filling RSB on context switch
[    0.365351] Spectre V2 : Spectre v2 / SpectreRSB : Filling RSB on VMEXIT
[    0.366859] Spectre V2 : Enabling Restricted Speculation for firmware calls
[    0.369353] Spectre V2 : mitigation: Enabling conditional Indirect Branch Prediction Barrier
[    0.371323] Speculative Store Bypass: Mitigation: Speculative Store Bypass disabled via prctl and seccomp
[    0.373359] MDS: Vulnerable: Clear CPU buffers attempted, no microcode
[    0.374872] TAA: Vulnerable: Clear CPU buffers attempted, no microcode
[    0.376308] MMIO Stale Data: Vulnerable: Clear CPU buffers attempted, no microcode
[    0.377376] x86/fpu: Supporting XSAVE feature 0x001: 'x87 floating point registers'
[    0.379134] x86/fpu: Supporting XSAVE feature 0x002: 'SSE registers'
[    0.381351] x86/fpu: Supporting XSAVE feature 0x004: 'AVX registers'
[    0.382868] x86/fpu: xstate_offset[2]:  576, xstate_sizes[2]:  256
[    0.384240] x86/fpu: Enabled xstate features 0x7, context size is 832 bytes, using 'standard' format.
[    0.408799] Freeing SMP alternatives memory: 44K
[    0.409352] pid_max: default: 32768 minimum: 301
[    0.410485] LSM: Security Framework initializing
[    0.411635] landlock: Up and running.
[    0.412513] Yama: becoming mindful.
[    0.413376] AppArmor: AppArmor initialized
[    0.414451] Mount-cache hash table entries: 16384 (order: 5, 131072 bytes, linear)
[    0.416322] Mountpoint-cache hash table entries: 16384 (order: 5, 131072 bytes, linear)
[    0.417694] smpboot: CPU0: Intel(R) Xeon(R) CPU E5-2630 v4 @ 2.20GHz (family: 0x6, model: 0x4f, stepping: 0x1)
[    0.420037] Performance Events: Broadwell events, Intel PMU driver.
[    0.421350] ... version:                2
[    0.421353] ... bit width:              48
[    0.422390] ... generic registers:      4
[    0.423448] ... value mask:             0000ffffffffffff
[    0.424711] ... max period:             000000007fffffff
[    0.425353] ... fixed-purpose events:   3
[    0.426412] ... event mask:             000000070000000f
[    0.427781] signal: max sigframe size: 1776
[    0.428831] rcu: Hierarchical SRCU implementation.
[    0.429957] smp: Bringing up secondary CPUs ...
[    0.431212] x86: Booting SMP configuration:
[    0.432230] .... node  #0, CPUs:      #1
[    0.181158] kvm-clock: cpu 1, msr 14e01041, secondary cpu clock
[    0.434258] kvm-guest: stealtime: cpu 1, msr 237c73080
[    0.438254]  #2
[    0.181158] kvm-clock: cpu 2, msr 14e01081, secondary cpu clock
[    0.441386] kvm-guest: stealtime: cpu 2, msr 237cb3080
[    0.444487]  #3
[    0.181158] kvm-clock: cpu 3, msr 14e010c1, secondary cpu clock
[    0.445949] kvm-guest: stealtime: cpu 3, msr 237cf3080
[    0.449512]  #4
[    0.181158] kvm-clock: cpu 4, msr 14e01101, secondary cpu clock
[    0.451008] kvm-guest: stealtime: cpu 4, msr 237d33080
[    0.457528]  #5
[    0.181158] kvm-clock: cpu 5, msr 14e01141, secondary cpu clock
[    0.458784] kvm-guest: stealtime: cpu 5, msr 237d73080
[    0.461619]  #6
[    0.181158] kvm-clock: cpu 6, msr 14e01181, secondary cpu clock
[    0.466112] kvm-guest: stealtime: cpu 6, msr 237db3080
[    0.469601]  #7
[    0.181158] kvm-clock: cpu 7, msr 14e011c1, secondary cpu clock
[    0.470507] kvm-guest: stealtime: cpu 7, msr 237df3080
[    0.473536] smp: Brought up 1 node, 8 CPUs
[    0.477360] smpboot: Max logical packages: 1
[    0.479464] smpboot: Total of 8 processors activated (35199.93 BogoMIPS)
[    0.482847] devtmpfs: initialized
[    0.482969] x86/mm: Memory block size: 128MB
[    0.486985] clocksource: jiffies: mask: 0xffffffff max_cycles: 0xffffffff, max_idle_ns: 7645041785100000 ns
[    0.489370] futex hash table entries: 2048 (order: 5, 131072 bytes, linear)
[    0.492298] pinctrl core: initialized pinctrl subsystem
[    0.493520] PM: RTC time: 14:14:49, date: 2024-02-11
[    0.495366] NET: Registered PF_NETLINK/PF_ROUTE protocol family
[    0.497455] DMA: preallocated 1024 KiB GFP_KERNEL pool for atomic allocations
[    0.500336] DMA: preallocated 1024 KiB GFP_KERNEL|GFP_DMA pool for atomic allocations
[    0.505572] DMA: preallocated 1024 KiB GFP_KERNEL|GFP_DMA32 pool for atomic allocations
[    0.508135] audit: initializing netlink subsys (disabled)
[    0.509399] audit: type=2000 audit(1707660889.898:1): state=initialized audit_enabled=0 res=1
[    0.509548] thermal_sys: Registered thermal governor 'fair_share'
[    0.513357] thermal_sys: Registered thermal governor 'bang_bang'
[    0.515332] thermal_sys: Registered thermal governor 'step_wise'
[    0.517133] thermal_sys: Registered thermal governor 'user_space'
[    0.517355] thermal_sys: Registered thermal governor 'power_allocator'
[    0.519197] EISA bus registered
[    0.525358] cpuidle: using governor ladder
[    0.527527] cpuidle: using governor menu
[    0.527814] ACPI: bus type PCI registered
[    0.529359] acpiphp: ACPI Hot Plug PCI Controller Driver version: 0.5
[    0.532810] PCI: Using configuration type 1 for base access
[    0.539110] kprobes: kprobe jump-optimization is enabled. All kprobes are optimized if possible.
[    0.541440] HugeTLB registered 1.00 GiB page size, pre-allocated 0 pages
[    0.543046] HugeTLB registered 2.00 MiB page size, pre-allocated 0 pages
[    0.550287] ACPI: Added _OSI(Module Device)
[    0.552286] ACPI: Added _OSI(Processor Device)
[    0.553358] ACPI: Added _OSI(3.0 _SCP Extensions)
[    0.555094] ACPI: Added _OSI(Processor Aggregator Device)
[    0.557097] ACPI: Added _OSI(Linux-Dell-Video)
[    0.557366] ACPI: Added _OSI(Linux-Lenovo-NV-HDMI-Audio)
[    0.559327] ACPI: Added _OSI(Linux-HPI-Hybrid-Graphics)
[    0.562571] ACPI: 1 ACPI AML tables successfully acquired and loaded
[    0.565628] ACPI: Interpreter enabled
[    0.566676] ACPI: PM: (supports S0 S3 S4 S5)
[    0.567806] ACPI: Using IOAPIC for interrupt routing
[    0.568987] PCI: Using host bridge windows from ACPI; if necessary, use "pci=nocrs" and report a bug
[    0.573357] PCI: Using E820 reservations for host bridge windows
[    0.574807] ACPI: Enabled 2 GPEs in block 00 to 0F
[    0.579015] ACPI: PCI Root Bridge [PCI0] (domain 0000 [bus 00-ff])
[    0.580571] acpi PNP0A03:00: _OSC: OS supports [ASPM ClockPM Segments MSI EDR HPX-Type3]
[    0.581367] acpi PNP0A03:00: fail to add MMCONFIG information, can't access extended PCI configuration space under this bridge.
[    0.584295] acpiphp: Slot [3] registered
[    0.585215] acpiphp: Slot [4] registered
[    0.585378] acpiphp: Slot [5] registered
[    0.586429] acpiphp: Slot [6] registered
[    0.587424] acpiphp: Slot [7] registered
[    0.588396] acpiphp: Slot [8] registered
[    0.589374] acpiphp: Slot [9] registered
[    0.590422] acpiphp: Slot [10] registered
[    0.591433] acpiphp: Slot [11] registered
[    0.592400] acpiphp: Slot [12] registered
[    0.593373] acpiphp: Slot [13] registered
[    0.594467] acpiphp: Slot [14] registered
[    0.595591] acpiphp: Slot [15] registered
[    0.596555] acpiphp: Slot [16] registered
[    0.597398] acpiphp: Slot [17] registered
[    0.598416] acpiphp: Slot [18] registered
[    0.599395] acpiphp: Slot [19] registered
[    0.600506] acpiphp: Slot [20] registered
[    0.601376] acpiphp: Slot [21] registered
[    0.602403] acpiphp: Slot [22] registered
[    0.603398] acpiphp: Slot [23] registered
[    0.604341] acpiphp: Slot [24] registered
[    0.605386] acpiphp: Slot [25] registered
[    0.606401] acpiphp: Slot [26] registered
[    0.607338] acpiphp: Slot [27] registered
[    0.608291] acpiphp: Slot [28] registered
[    0.609303] acpiphp: Slot [29] registered
[    0.613372] acpiphp: Slot [30] registered
[    0.614416] acpiphp: Slot [31] registered
[    0.615450] PCI host bridge to bus 0000:00
[    0.616564] pci_bus 0000:00: root bus resource [bus 00-ff]
[    0.617354] pci_bus 0000:00: root bus resource [io  0x0000-0x0cf7 window]
[    0.618883] pci_bus 0000:00: root bus resource [io  0x0d00-0xffff window]
[    0.620475] pci_bus 0000:00: root bus resource [mem 0x000a0000-0x000bffff window]
[    0.621353] pci_bus 0000:00: root bus resource [mem 0xc0000000-0xfebfffff window]
[    0.623195] pci_bus 0000:00: root bus resource [mem 0x240000000-0x2bfffffff window]
[    0.625264] pci 0000:00:00.0: [8086:1237] type 00 class 0x060000
[    0.626358] pci 0000:00:01.0: [8086:7000] type 00 class 0x060100
[    0.628395] pci 0000:00:01.1: [8086:7010] type 00 class 0x010180
[    0.639871] pci 0000:00:01.1: reg 0x20: [io  0xc060-0xc06f]
[    0.646856] pci 0000:00:01.1: legacy IDE quirk: reg 0x10: [io  0x01f0-0x01f7]
[    0.648198] pci 0000:00:01.1: legacy IDE quirk: reg 0x14: [io  0x03f6]
[    0.649354] pci 0000:00:01.1: legacy IDE quirk: reg 0x18: [io  0x0170-0x0177]
[    0.650696] pci 0000:00:01.1: legacy IDE quirk: reg 0x1c: [io  0x0376]
[    0.652232] pci 0000:00:01.3: [8086:7113] type 00 class 0x068000
[    0.653769] pci 0000:00:01.3: quirk: [io  0x0600-0x063f] claimed by PIIX4 ACPI
[    0.655198] pci 0000:00:01.3: quirk: [io  0x0700-0x070f] claimed by PIIX4 SMB
[    0.657041] pci 0000:00:02.0: [1234:1111] type 00 class 0x030000
[    0.659300] pci 0000:00:02.0: reg 0x10: [mem 0xfd000000-0xfdffffff pref]
[    0.663475] pci 0000:00:02.0: reg 0x18: [mem 0xfebd2000-0xfebd2fff]
[    0.669384] pci 0000:00:02.0: reg 0x30: [mem 0xfebc0000-0xfebcffff pref]
[    0.671034] pci 0000:00:02.0: Video device with shadowed ROM at [mem 0x000c0000-0x000dffff]
[    0.673526] pci 0000:00:03.0: [1af4:1000] type 00 class 0x020000
[    0.677356] pci 0000:00:03.0: reg 0x10: [io  0xc040-0xc05f]
[    0.679632] pci 0000:00:03.0: reg 0x14: [mem 0xfebd3000-0xfebd3fff]
[    0.685343] pci 0000:00:03.0: reg 0x20: [mem 0xfe000000-0xfe003fff 64bit pref]
[    0.690354] pci 0000:00:03.0: reg 0x30: [mem 0xfeb80000-0xfebbffff pref]
[    0.693521] pci 0000:00:04.0: [1af4:1004] type 00 class 0x010000
[    0.696120] pci 0000:00:04.0: reg 0x10: [io  0xc000-0xc03f]
[    0.698628] pci 0000:00:04.0: reg 0x14: [mem 0xfebd4000-0xfebd4fff]
[    0.705074] pci 0000:00:04.0: reg 0x20: [mem 0xfe004000-0xfe007fff 64bit pref]
[    0.708197] pci 0000:00:05.0: [8086:5845] type 00 class 0x010802
[    0.714212] pci 0000:00:05.0: reg 0x10: [mem 0xfebd0000-0xfebd1fff 64bit]
[    0.717354] pci 0000:00:05.0: reg 0x20: [mem 0xfebd5000-0xfebd5fff]
[    0.728042] ACPI: PCI: Interrupt link LNKA configured for IRQ 10
[    0.729502] ACPI: PCI: Interrupt link LNKB configured for IRQ 10
[    0.730966] ACPI: PCI: Interrupt link LNKC configured for IRQ 11
[    0.732372] ACPI: PCI: Interrupt link LNKD configured for IRQ 11
[    0.733422] ACPI: PCI: Interrupt link LNKS configured for IRQ 9
[    0.735533] iommu: Default domain type: Translated 
[    0.735533] iommu: DMA domain TLB invalidation policy: lazy mode 
[    0.737692] SCSI subsystem initialized
[    0.738614] pci 0000:00:02.0: vgaarb: setting as boot VGA device
[    0.738727] pci 0000:00:02.0: vgaarb: VGA device added: decodes=io+mem,owns=io+mem,locks=none
[    0.741355] pci 0000:00:02.0: vgaarb: bridge control possible
[    0.742666] vgaarb: loaded
[    0.743496] ACPI: bus type USB registered
[    0.744571] usbcore: registered new interface driver usbfs
[    0.745383] usbcore: registered new interface driver hub
[    0.746645] usbcore: registered new device driver usb
[    0.747878] pps_core: LinuxPPS API ver. 1 registered
[    0.749039] pps_core: Software ver. 5.3.6 - Copyright 2005-2007 Rodolfo Giometti <giometti@linux.it>
[    0.753356] PTP clock support registered
[    0.754371] EDAC MC: Ver: 3.0.0
[    0.754509] NetLabel: Initializing
[    0.757355] NetLabel:  domain hash size = 128
[    0.758392] NetLabel:  protocols = UNLABELED CIPSOv4 CALIPSO
[    0.759774] NetLabel:  unlabeled traffic allowed by default
[    0.761168] PCI: Using ACPI for IRQ routing
[    0.762804] hpet0: at MMIO 0xfed00000, IRQs 2, 8, 0
[    0.763936] hpet0: 3 comparators, 64-bit 100.000000 MHz counter
[    0.773357] clocksource: Switched to clocksource kvm-clock
[    0.793622] VFS: Disk quotas dquot_6.6.0
[    0.795667] VFS: Dquot-cache hash table entries: 512 (order 0, 4096 bytes)
[    0.799007] AppArmor: AppArmor Filesystem Enabled
[    0.801287] pnp: PnP ACPI init
[    0.804464] pnp: PnP ACPI: found 6 devices
[    0.823625] clocksource: acpi_pm: mask: 0xffffff max_cycles: 0xffffff, max_idle_ns: 2085701024 ns
[    0.827906] NET: Registered PF_INET protocol family
[    0.830404] IP idents hash table entries: 131072 (order: 8, 1048576 bytes, linear)
[    0.834292] tcp_listen_portaddr_hash hash table entries: 4096 (order: 4, 65536 bytes, linear)
[    0.836138] Table-perturb hash table entries: 65536 (order: 6, 262144 bytes, linear)
[    0.837982] TCP established hash table entries: 65536 (order: 7, 524288 bytes, linear)
[    0.839813] TCP bind hash table entries: 65536 (order: 8, 1048576 bytes, linear)
[    0.841634] TCP: Hash tables configured (established 65536 bind 65536)
[    0.843841] MPTCP token hash table entries: 8192 (order: 5, 196608 bytes, linear)
[    0.845573] UDP hash table entries: 4096 (order: 5, 131072 bytes, linear)
[    0.847066] UDP-Lite hash table entries: 4096 (order: 5, 131072 bytes, linear)
[    0.848793] NET: Registered PF_UNIX/PF_LOCAL protocol family
[    0.850142] NET: Registered PF_XDP protocol family
[    0.851318] pci_bus 0000:00: resource 4 [io  0x0000-0x0cf7 window]
[    0.852687] pci_bus 0000:00: resource 5 [io  0x0d00-0xffff window]
[    0.854107] pci_bus 0000:00: resource 6 [mem 0x000a0000-0x000bffff window]
[    0.855657] pci_bus 0000:00: resource 7 [mem 0xc0000000-0xfebfffff window]
[    0.857222] pci_bus 0000:00: resource 8 [mem 0x240000000-0x2bfffffff window]
[    0.858851] pci 0000:00:01.0: PIIX3: Enabling Passive Release
[    0.860196] pci 0000:00:00.0: Limiting direct PCI/PCI transfers
[    0.861600] pci 0000:00:01.0: Activating ISA DMA hang workarounds
[    0.863026] PCI: CLS 0 bytes, default 64
[    0.864095] Trying to unpack rootfs image as initramfs...
[    0.865480] PCI-DMA: Using software bounce buffering for IO (SWIOTLB)
[    0.866893] software IO TLB: mapped [mem 0x00000000bbfd5000-0x00000000bffd5000] (64MB)
[    0.868557] clocksource: tsc: mask: 0xffffffffffffffff max_cycles: 0x1fb62f12e8c, max_idle_ns: 440795238402 ns
[    0.871981] Initialise system trusted keyrings
[    0.873403] Key type blacklist registered
[    0.874777] workingset: timestamp_bits=36 max_order=21 bucket_order=0
[    0.878386] zbud: loaded
[    0.879649] squashfs: version 4.0 (2009/01/31) Phillip Lougher
[    0.881605] fuse: init (API version 7.34)
[    0.883294] integrity: Platform Keyring initialized
[    0.895599] Key type asymmetric registered
[    0.896614] Asymmetric key parser 'x509' registered
[    0.897881] Block layer SCSI generic (bsg) driver version 0.4 loaded (major 243)
[    0.899713] io scheduler mq-deadline registered
[    0.902004] shpchp: Standard Hot Plug PCI Controller Driver version: 0.4
[    0.904326] input: Power Button as /devices/LNXSYSTM:00/LNXPWRBN:00/input/input0
[    0.906144] ACPI: button: Power Button [PWRF]
[    0.932058] ACPI: \_SB_.LNKC: Enabled at IRQ 11
[    0.958704] ACPI: \_SB_.LNKD: Enabled at IRQ 10
[    0.962188] Serial: 8250/16550 driver, 32 ports, IRQ sharing enabled
[    0.995079] 00:04: ttyS0 at I/O 0x3f8 (irq = 4, base_baud = 115200) is a 16550A
[    0.998566] Linux agpgart interface v0.103
[    1.003604] loop: module loaded
[    1.005847] scsi host0: ata_piix
[    1.007685] scsi host1: ata_piix
[    1.008552] ata1: PATA max MWDMA2 cmd 0x1f0 ctl 0x3f6 bmdma 0xc060 irq 14
[    1.010060] ata2: PATA max MWDMA2 cmd 0x170 ctl 0x376 bmdma 0xc068 irq 15
[    1.011750] tun: Universal TUN/TAP device driver, 1.6
[    1.013312] PPP generic driver version 2.4.2
[    1.014381] VFIO - User Level meta-driver version: 0.3
[    1.015868] ehci_hcd: USB 2.0 'Enhanced' Host Controller (EHCI) Driver
[    1.017338] ehci-pci: EHCI PCI platform driver
[    1.018460] ehci-platform: EHCI generic platform driver
[    1.019718] ohci_hcd: USB 1.1 'Open' Host Controller (OHCI) Driver
[    1.021109] ohci-pci: OHCI PCI platform driver
[    1.022315] ohci-platform: OHCI generic platform driver
[    1.023571] uhci_hcd: USB Universal Host Controller Interface driver
[    1.025154] i8042: PNP: PS/2 Controller [PNP0303:KBD,PNP0f13:MOU] at 0x60,0x64 irq 1,12
[    1.027803] serio: i8042 KBD port at 0x60,0x64 irq 1
[    1.028995] serio: i8042 AUX port at 0x60,0x64 irq 12
[    1.030353] mousedev: PS/2 mouse device common for all mice
[    1.031787] rtc_cmos 00:05: RTC can wake from S4
[    1.033721] input: AT Translated Set 2 keyboard as /devices/platform/i8042/serio0/input/input1
[    1.035843] rtc_cmos 00:05: registered as rtc0
[    1.037164] rtc_cmos 00:05: setting system clock to 2024-02-11T14:14:50 UTC (1707660890)
[    1.039230] rtc_cmos 00:05: alarms up to one day, y3k, 242 bytes nvram, hpet irqs
[    1.040987] i2c_dev: i2c /dev entries driver
[    1.042102] device-mapper: core: CONFIG_IMA_DISABLE_HTABLE is disabled. Duplicate IMA measurements will not be recorded in the IMA log.
[    1.044866] device-mapper: uevent: version 1.0.3
[    1.046949] device-mapper: ioctl: 4.45.0-ioctl (2021-03-22) initialised: dm-devel@redhat.com
[    1.049014] platform eisa.0: Probing EISA bus 0
[    1.050185] platform eisa.0: EISA: Cannot allocate resource for mainboard
[    1.051748] platform eisa.0: Cannot allocate resource for EISA slot 1
[    1.053280] platform eisa.0: Cannot allocate resource for EISA slot 2
[    1.054728] platform eisa.0: Cannot allocate resource for EISA slot 3
[    1.056173] platform eisa.0: Cannot allocate resource for EISA slot 4
[    1.057766] platform eisa.0: Cannot allocate resource for EISA slot 5
[    1.059228] platform eisa.0: Cannot allocate resource for EISA slot 6
[    1.060634] platform eisa.0: Cannot allocate resource for EISA slot 7
[    1.062094] platform eisa.0: Cannot allocate resource for EISA slot 8
[    1.063524] platform eisa.0: EISA: Detected 0 cards
[    1.064679] intel_pstate: CPU model not supported
[    1.066324] ledtrig-cpu: registered to indicate activity on CPUs
[    1.067832] drop_monitor: Initializing network drop monitor service
[    1.069455] NET: Registered PF_INET6 protocol family
[    1.605758] Freeing initrd memory: 107104K
[    1.622964] Segment Routing with IPv6
[    1.625024] In-situ OAM (IOAM) with IPv6
[    1.627071] NET: Registered PF_PACKET protocol family
[    1.629703] Key type dns_resolver registered
[    1.633250] No MBM correction factor available
[    1.634380] IPI shorthand broadcast: enabled
[    1.635516] sched_clock: Marking stable (1456002753, 177158599)->(1655762803, -22601451)
[    1.637650] registered taskstats version 1
[    1.639857] Loading compiled-in X.509 certificates
[    1.642005] Loaded X.509 cert 'Build time autogenerated kernel key: 32d1800ed0f0bcec93454c39c50cea5381b35496'
[    1.644778] Loaded X.509 cert 'Canonical Ltd. Live Patch Signing: 14df34d1a87cf37625abec039ef2bf521249b969'
[    1.647520] Loaded X.509 cert 'Canonical Ltd. Kernel Module Signing: 88f752e560a1e0737e31163a466ad7b70a850c19'
[    1.649849] blacklist: Loading compiled-in revocation X.509 certificates
[    1.651415] Loaded X.509 cert 'Canonical Ltd. Secure Boot Signing: 61482aa2830d0ab2ad5af10b7250da9033ddcef0'
[    1.653675] Loaded X.509 cert 'Canonical Ltd. Secure Boot Signing (2017): 242ade75ac4a15e50d50c84b0d45ff3eae707a03'
[    1.656135] Loaded X.509 cert 'Canonical Ltd. Secure Boot Signing (ESM 2018): 365188c1d374d6b07c3c8f240f8ef722433d6a8b'
[    1.658582] Loaded X.509 cert 'Canonical Ltd. Secure Boot Signing (2019): c0746fd6c5da3ae827864651ad66ae47fe24b3e8'
[    1.661019] Loaded X.509 cert 'Canonical Ltd. Secure Boot Signing (2021 v1): a8d54bbb3825cfb94fa13c9f8a594a195c107b8d'
[    1.663420] Loaded X.509 cert 'Canonical Ltd. Secure Boot Signing (2021 v2): 4cf046892d6fd3c9a5b03f98d845f90851dc6a8c'
[    1.665883] Loaded X.509 cert 'Canonical Ltd. Secure Boot Signing (2021 v3): 100437bb6de6e469b581e61cd66bce3ef4ed53af'
[    1.668300] Loaded X.509 cert 'Canonical Ltd. Secure Boot Signing (Ubuntu Core 2019): c1d57b8f6b743f23ee41f4f7ee292f06eecadfb9'
[    1.671723] zswap: loaded using pool lzo/zbud
[    1.673808] Key type .fscrypt registered
[    1.674852] Key type fscrypt-provisioning registered
[    1.682832] Key type encrypted registered
[    1.684730] AppArmor: AppArmor sha1 policy hashing enabled
[    1.687190] ima: No TPM chip found, activating TPM-bypass!
[    1.689660] Loading compiled-in module X.509 certificates
[    1.693362] Loaded X.509 cert 'Build time autogenerated kernel key: 32d1800ed0f0bcec93454c39c50cea5381b35496'
[    1.695814] ima: Allocated hash algorithm: sha1
[    1.696955] ima: No architecture policies found
[    1.698177] evm: Initialising EVM extended attributes:
[    1.699442] evm: security.selinux
[    1.700373] evm: security.SMACK64
[    1.701356] evm: security.SMACK64EXEC
[    1.702357] evm: security.SMACK64TRANSMUTE
[    1.703349] evm: security.SMACK64MMAP
[    1.704240] evm: security.apparmor
[    1.705117] evm: security.ima
[    1.705983] evm: security.capability
[    1.706874] evm: HMAC attrs: 0x1
[    1.708099] PM:   Magic number: 12:453:232
[    1.710318] RAS: Correctable Errors collector initialized.
[    1.713629] Freeing unused decrypted memory: 2036K
[    1.716465] Freeing unused kernel image (initmem) memory: 3356K
[    1.729192] Write protecting the kernel read-only data: 30720k
[    1.735164] Freeing unused kernel image (text/rodata gap) memory: 2036K
[    1.739212] Freeing unused kernel image (rodata/data gap) memory: 1412K
[    1.788878] x86/mm: Checked W+X mappings: passed, no W+X pages found.
[    1.791813] x86/mm: Checking user space page tables
[    1.837193] x86/mm: Checked W+X mappings: passed, no W+X pages found.
[    1.838602] Run /init as init process
Loading, please wait...
Starting version 249.11-0ubuntu3.11
[    1.955284] piix4_smbus 0000:00:01.3: SMBus Host Controller at 0x700, revision 0
[    1.960999] Floppy drive(s): fd0 is 2.88M AMI BIOS
[    1.969491] scsi host2: Virtio SCSI HBA
[    1.970062] nvme nvme0: pci function 0000:00:05.0
[    1.974698] scsi 2:0:0:0: Direct-Access     QEMU     QEMU HARDDISK    2.5+ PQ: 0 ANSI: 5
[    1.996709] FDC 0 is a S82078B
[    2.005686] ACPI: \_SB_.LNKA: Enabled at IRQ 10
[    2.005872] input: VirtualPS/2 VMware VMMouse as /devices/platform/i8042/serio1/input/input4
[    2.010828] input: VirtualPS/2 VMware VMMouse as /devices/platform/i8042/serio1/input/input3
[    2.020208] cryptd: max_cpu_qlen set to 1000
[    2.023789] nvme nvme0: 8/0/0 default/read/poll queues
[    2.028003] nvme nvme0: Ignoring bogus Namespace Identifiers
[    2.038061] sd 2:0:0:0: Attached scsi generic sg0 type 0
[    2.039594] sd 2:0:0:0: Power-on or device reset occurred
[    2.041519] sd 2:0:0:0: [sda] 167772160 512-byte logical blocks: (85.9 GB/80.0 GiB)
[    2.043663] sd 2:0:0:0: [sda] Write Protect is off
[    2.045052] sd 2:0:0:0: [sda] Write cache: enabled, read cache: enabled, doesn't support DPO or FUA
[    2.080322]  sda: sda1 sda2 sda3
[    2.083130] sd 2:0:0:0: [sda] Attached SCSI disk
[    2.094518] AVX2 version of gcm_enc/dec engaged.
[    2.095995] AES CTR mode by8 optimization enabled
[    2.098765] virtio_net virtio0 ens3: renamed from eth0
[    2.114787] bochs-drm 0000:00:02.0: vgaarb: deactivate vga console
[    2.130081] Console: switching to colour dummy device 80x25
[    2.131260] [drm] Found bochs VGA, ID 0xb0c5.
[    2.132029] [drm] Framebuffer size 16384 kB @ 0xfd000000, mmio @ 0xfebd2000.
[    2.134782] [drm] Found EDID data blob.
[    2.135571] [drm] Initialized bochs-drm 1.0.0 20130925 for 0000:00:02.0 on minor 0
[    2.139018] fbcon: bochs-drmdrmfb (fb0) is primary device
[    2.146827] Console: switching to colour frame buffer device 160x50
[    2.153132] bochs-drm 0000:00:02.0: [drm] fb0: bochs-drmdrmfb frame buffer device
Begin: Loading essential drivers ... [    2.581220] raid6: avx2x4   gen() 26691 MB/s
[    2.649237] raid6: avx2x4   xor() 10219 MB/s
[    2.717223] raid6: avx2x2   gen() 26125 MB/s
[    2.785226] raid6: avx2x2   xor() 16118 MB/s
[    2.853223] raid6: avx2x1   gen() 24250 MB/s
[    2.921229] raid6: avx2x1   xor() 14201 MB/s
[    2.989221] raid6: sse2x4   gen() 14359 MB/s
[    3.057264] raid6: sse2x4   xor()  6865 MB/s
[    3.125223] raid6: sse2x2   gen() 14010 MB/s
[    3.193221] raid6: sse2x2   xor()  9453 MB/s
[    3.261222] raid6: sse2x1   gen() 12273 MB/s
[    3.329221] raid6: sse2x1   xor()  8429 MB/s
[    3.330071] raid6: using algorithm avx2x4 gen() 26691 MB/s
[    3.330944] raid6: .... xor() 10219 MB/s, rmw enabled
[    3.331794] raid6: using avx2x2 recovery algorithm
[    3.335069] xor: automatically using best checksumming function   avx       
[    3.339796] async_tx: api initialized (async)
done.
Begin: Running /scripts/init-premount ... done.
Begin: Mounting root file system ... Begin: Running /scripts/local-top ... done.
Begin: Running /scripts/local-premount ... [    3.515594] Btrfs loaded, crc32c=crc32c-intel, zoned=yes, fsverity=yes
Scanning for Btrfs filesystems
[    3.549284] floppy0: disk absent or changed during operation
[    3.551324] blk_update_request: I/O error, dev fd0, sector 0 op 0x0:(READ) flags 0x80700 phys_seg 1 prio class 0
[    3.554951] floppy0: disk absent or changed during operation
[    3.556845] blk_update_request: I/O error, dev fd0, sector 0 op 0x0:(READ) flags 0x0 phys_seg 1 prio class 0
[    3.560006] Buffer I/O error on dev fd0, logical block 0, async page read
done.
Begin: Will now check root file system ... fsck from util-linux 2.37.2
[/usr/sbin/fsck.ext4 (1) -- /dev/mapper/ubuntu--vg-ubuntu--lv] fsck.ext4 -a -C0 /dev/mapper/ubuntu--vg-ubuntu--lv 
/dev/mapper/ubuntu--vg-ubuntu--lv: clean, 268238/2555904 files, 8491229/10222592 blocks
done.
[    3.621983] EXT4-fs (dm-0): mounted filesystem with ordered data mode. Opts: (null). Quota mode: none.
done.
Begin: Running /scripts/local-bottom ... done.
Begin: Running /scripts/init-bottom ... Internet Systems Consortium DHCP Client 4.4.1
Copyright 2004-2018 Internet Systems Consortium.
All rights reserved.
For info, please visit https://www.isc.org/software/dhcp/

Listening on LPF/ens3/52:54:00:12:34:56
Sending on   LPF/ens3/52:54:00:12:34:56
Sending on   Socket/fallback
DHCPDISCOVER on ens3 to 255.255.255.255 port 67 interval 3 (xid=0xec940a2e)
DHCPOFFER of 10.0.2.15 from 10.0.2.2
DHCPREQUEST for 10.0.2.15 on ens3 to 255.255.255.255 port 67 (xid=0x2e0a94ec)
DHCPACK of 10.0.2.15 from 10.0.2.2 (xid=0xec940a2e)
bound to 10.0.2.15 -- renewal in 33777 seconds.
done.
[    4.542142] systemd[1]: Inserted module 'autofs4'
[    4.605462] systemd[1]: systemd 249.11-0ubuntu3.11 running in system mode (+PAM +AUDIT +SELINUX +APPARMOR +IMA +SMACK +SECCOMP +GCRYPT +GNUTLS +OPENSSL +ACL +BLKID +CURL +ELFUTILS +FIDO2 +IDN2 -IDN +IPTC +KMOD +LIBCRYPTSETUP +LIBFDISK +PCRE2 -PWQUALITY -P11KIT -QRENCODE +BZIP2 +LZ4 +XZ +ZLIB +ZSTD -XKBCOMMON +UTMP +SYSVINIT default-hierarchy=unified)
[    4.615616] systemd[1]: Detected virtualization kvm.
[    4.618651] systemd[1]: Detected architecture x86-64.

Welcome to [1mUbuntu 22.04.3 LTS[0m!

[    4.638192] systemd[1]: Hostname set to <femuu22s>.
[    5.153839] floppy0: disk absent or changed during operation
[    5.156927] blk_update_request: I/O error, dev fd0, sector 0 op 0x0:(READ) flags 0x80700 phys_seg 1 prio class 0
[    5.163193] floppy0: disk absent or changed during operation
[    5.166031] blk_update_request: I/O error, dev fd0, sector 0 op 0x0:(READ) flags 0x0 phys_seg 1 prio class 0
[    5.169979] Buffer I/O error on dev fd0, logical block 0, async page read
[    5.854192] systemd[1]: Queued start job for default target Graphical Interface.
[    5.861009] systemd[1]: Created slice Slice /system/modprobe.
[[0;32m  OK  [0m] Created slice [0;1;39mSlice /system/modprobe[0m.
[    5.867204] systemd[1]: Created slice Slice /system/serial-getty.
[[0;32m  OK  [0m] Created slice [0;1;39mSlice /system/serial-getty[0m.
[    5.870306] systemd[1]: Created slice Slice /system/systemd-fsck.
[[0;32m  OK  [0m] Created slice [0;1;39mSlice /system/systemd-fsck[0m.
[    5.873122] systemd[1]: Created slice User and Session Slice.
[[0;32m  OK  [0m] Created slice [0;1;39mUser and Session Slice[0m.
[    5.876509] systemd[1]: Started Forward Password Requests to Wall Directory Watch.
[[0;32m  OK  [0m] Started [0;1;39mForward Password R‚Ä¶uests to Wall Directory Watch[0m.
[    5.880006] systemd[1]: Set up automount Arbitrary Executable File Formats File System Automount Point.
[[0;32m  OK  [0m] Set up automount [0;1;39mArbitrary‚Ä¶s File System Automount Point[0m.
[    5.883780] systemd[1]: Reached target Slice Units.
[[0;32m  OK  [0m] Reached target [0;1;39mSlice Units[0m.
[    5.886266] systemd[1]: Reached target Mounting snaps.
[[0;32m  OK  [0m] Reached target [0;1;39mMounting snaps[0m.
[    5.888731] systemd[1]: Reached target Local Verity Protected Volumes.
[[0;32m  OK  [0m] Reached target [0;1;39mLocal Verity Protected Volumes[0m.
[    5.891971] systemd[1]: Listening on Device-mapper event daemon FIFOs.
[[0;32m  OK  [0m] Listening on [0;1;39mDevice-mapper event daemon FIFOs[0m.
[    5.896466] systemd[1]: Listening on LVM2 poll daemon socket.
[[0;32m  OK  [0m] Listening on [0;1;39mLVM2 poll daemon socket[0m.
[    5.899404] systemd[1]: Listening on multipathd control socket.
[[0;32m  OK  [0m] Listening on [0;1;39mmultipathd control socket[0m.
[    5.902251] systemd[1]: Listening on Syslog Socket.
[[0;32m  OK  [0m] Listening on [0;1;39mSyslog Socket[0m.
[    5.904728] systemd[1]: Listening on fsck to fsckd communication Socket.
[[0;32m  OK  [0m] Listening on [0;1;39mfsck to fsckd communication Socket[0m.
[    5.907678] systemd[1]: Listening on initctl Compatibility Named Pipe.
[[0;32m  OK  [0m] Listening on [0;1;39minitctl Compatibility Named Pipe[0m.
[    5.910933] systemd[1]: Listening on Journal Audit Socket.
[[0;32m  OK  [0m] Listening on [0;1;39mJournal Audit Socket[0m.
[    5.913840] systemd[1]: Listening on Journal Socket (/dev/log).
[[0;32m  OK  [0m] Listening on [0;1;39mJournal Socket (/dev/log)[0m.
[    5.916604] systemd[1]: Listening on Journal Socket.
[[0;32m  OK  [0m] Listening on [0;1;39mJournal Socket[0m.
[    5.919258] systemd[1]: Listening on Network Service Netlink Socket.
[[0;32m  OK  [0m] Listening on [0;1;39mNetwork Service Netlink Socket[0m.
[    5.922298] systemd[1]: Listening on udev Control Socket.
[[0;32m  OK  [0m] Listening on [0;1;39mudev Control Socket[0m.
[    5.925097] systemd[1]: Listening on udev Kernel Socket.
[[0;32m  OK  [0m] Listening on [0;1;39mudev Kernel Socket[0m.
[    5.929743] systemd[1]: Mounting Huge Pages File System...
         Mounting [0;1;39mHuge Pages File System[0m...
[    5.936023] systemd[1]: Mounting POSIX Message Queue File System...
         Mounting [0;1;39mPOSIX Message Queue File System[0m...
[    5.941087] systemd[1]: Mounting Kernel Debug File System...
         Mounting [0;1;39mKernel Debug File System[0m...
[    5.945878] systemd[1]: Mounting Kernel Trace File System...
         Mounting [0;1;39mKernel Trace File System[0m...
[    5.952702] systemd[1]: Starting Journal Service...
         Starting [0;1;39mJournal Service[0m...
[    5.956674] systemd[1]: Starting Set the console keyboard layout...
         Starting [0;1;39mSet the console keyboard layout[0m...
[    5.961285] systemd[1]: Starting Create List of Static Device Nodes...
         Starting [0;1;39mCreate List of Static Device Nodes[0m...
[    5.965491] systemd[1]: Starting Monitoring of LVM2 mirrors, snapshots etc. using dmeventd or progress polling...
         Starting [0;1;39mMonitoring of LVM‚Ä¶meventd or progress polling[0m...
[    5.969369] systemd[1]: Condition check resulted in LXD - agent being skipped.
[    5.972736] systemd[1]: Starting Load Kernel Module configfs...
         Starting [0;1;39mLoad Kernel Module configfs[0m...
[    5.976915] systemd[1]: Starting Load Kernel Module drm...
         Starting [0;1;39mLoad Kernel Module drm[0m...
[    5.980765] systemd[1]: Starting Load Kernel Module efi_pstore...
         Starting [0;1;39mLoad Kernel Module efi_pstore[0m...
[    5.984898] systemd[1]: Starting Load Kernel Module fuse...
         Starting [0;1;39mLoad Kernel Module fuse[0m...
[    5.987544] systemd[1]: Condition check resulted in OpenVSwitch configuration for cleanup being skipped.
[    5.990346] systemd[1]: Condition check resulted in File System Check on Root Device being skipped.
[    5.994853] systemd[1]: Starting Load Kernel Modules...
         Starting [0;1;39mLoad Kernel Modules[0m...
[    5.998940] systemd[1]: Starting Remount Root and Kernel File Systems...
         Starting [0;1;39mRemount Root and Kernel File Systems[0m...
[    6.003274] systemd[1]: Starting Coldplug All udev Devices...
         Starting [0;1;39mColdplug All udev Devices[0m...
[    6.008031] systemd[1]: Mounted Huge Pages File System.
[[0;32m  OK  [0m] Mounted [0;1;39mHuge Pages File System[0m.
[    6.011331] EXT4-fs (dm-0): re-mounted. Opts: (null). Quota mode: none.
[    6.014174] systemd[1]: Mounted POSIX Message Queue File System.
[[0;32m  OK  [0m] Mounted [0;1;39mPOSIX Message Queue File System[0m.
[    6.017106] systemd[1]: Mounted Kernel Debug File System.
[[0;32m  OK  [0m] Mounted [0;1;39mKernel Debug File System[0m.
[    6.019995] systemd[1]: Mounted Kernel Trace File System.
[[0;32m  OK  [0m] Mounted [0;1;39mKernel Trace File System[0m.
[    6.023483] systemd[1]: Finished Create List of Static Device Nodes.
[[0;32m  OK  [0m] Finished [0;1;39mCreate List of Static Device Nodes[0m.
[    6.027232] systemd[1]: modprobe@configfs.service: Deactivated successfully.
[    6.030769] systemd[1]: Finished Load Kernel Module configfs.
[[0;32m  OK  [0m] Finished [0;1;39mLoad Kernel Module configfs[0m.
[    6.034641] systemd[1]: Started Journal Service.
[[0;32m  OK  [0m] Started [0;1;39mJournal Service[0m.
[[0;32m  OK  [0m] Finished [0;1;39mLoad Kernel Module drm[0m.
[[0;32m  OK  [0m] Finished [0;1;39mLoad Kernel Module efi_pstore[0m.
[[0;32m  OK  [0m] Finished [0;1;39mLoad Kernel Module fuse[0m.
[[0;32m  OK  [0m] Finished [0;1;39mRemount Root and Kernel File Systems[0m.
         Activating swap [0;1;39m/swap.img[0m...
         Mounting [0;1;39mFUSE Control File System[0m...
         Mounting [0;1;39mKernel Configuration File System[0m...
         Starting [0;1;39mDevice-Mapper Multipath Device Controller[0m...
         Starting [0;1;39mFlush Journal to Persistent Storage[0m...
         Starting [0;1;39mLoad/Save Random Seed[0m...
         Starting [0;1;39mCreate System Users[0m...
[[0;32m  OK  [0m] Mounted [0;1;39mFUSE Control File System[0m.
[[0;32m  OK  [0m] Mounted [0;1;39mKernel Configuration File System[0m.
[[0;32m  OK  [0m] Finished [0;1;39mMonitoring of LVM‚Ä¶ dmeventd or progress polling[0m.
[[0;32m  OK  [0m] Finished [0;1;39mLoad Kernel Modules[0m.
[[0;32m  OK  [0m] Finished [0;1;39mLoad/Save Random Seed[0m.
         Starting [0;1;39mApply Kernel Variables[0m...
[[0;32m  OK  [0m] Finished [0[    6.096137] systemd-journald[467]: Received client request to flush runtime journal.
;1;39mColdplug All udev Devices[0m.
[    6.110348] alua: device handler registered
[    6.114275] emc: device handler registered
[    6.119004] rdac: device handler registered
[[0;32m  OK  [0m] Finished [0;1;39mCreate System Users[0m.
         Starting [0;1;39mCreate Static Device Nodes in /dev[0m...
[[0;32m  OK  [0m] Finished [0;1;39mSet the console keyboard layout[0m.
[[0;32m  OK  [0m] Finished [0;1;39mApply Kernel Variables[0m.
[[0;32m  OK  [0m] Activated swap [0;1;39m/swap.img[0m.
[[0;32m  OK  [0m] Reached target [0;1;39mSwaps[0m.
[[0;32m  OK  [0m] Finished [0;1;39mCreate Static Device Nodes in /dev[0m.
         Starting [0;1;39mRule-based Manage‚Ä¶for Device Events and Files[0m...
[[0;32m  OK  [0m] Started [0;1;39mDevice-Mapper Multipath Device Controller[0m.
[[0;32m  OK  [0m] Reached target [0;1;39mPreparation for Local File Systems[0m.
         Mounting [0;1;39mMount unit for core20, revision 2015[0m...
         Mounting [0;1;39mMount unit for core20, revision 2105[0m...
         Mounting [0;1;39mMount unit for lxd, revision 26881[0m...
         Mounting [0;1;39mMount unit for lxd, revision 27037[0m...
         Mounting [0;1;39mMount unit for snapd, revision 20290[0m...
         Mounting [0;1;39mMount unit for snapd, revision 20671[0m...
[[0;32m  OK  [0m] Mounted [0;1;39mMount unit for core20, revision 2105[0m.
[[0;32m  OK  [0m] Mounted [0;1;39mMount unit for core20, revision 2015[0m.
[[0;32m  OK  [0m] Mounted [0;1;39mMount unit for snapd, revision 20290[0m.
[[0;32m  OK  [0m] Mounted [0;1;39mMount unit for lxd, revision 27037[0m.
[[0;32m  OK  [0m] Mounted [0;1;39mMount unit for lxd, revision 26881[0m.
[[0;32m  OK  [0m] Mounted [0;1;39mMount unit for snapd, revision 20671[0m.
[[0;32m  OK  [0m] Reached target [0;1;39mMounted snaps[0m.
[[0;32m  OK  [0m] Started [0;1;39mRule-based Manager for Device Events and Files[0m.
[[0;32m  OK  [0m] Started [0;1;39mDispatch Password ‚Ä¶ts to Console Directory Watch[0m.
[[0;32m  OK  [0m] Reached target [0;1;39mLocal Encrypted Volumes[0m.
[[0;32m  OK  [0m] Found device [0;1;39m/dev/ttyS0[0m.
[[0;32m  OK  [0m] Listening on [0;1;39mLoad/Save RF ‚Ä¶itch Status /dev/rfkill Watch[0m.
[[0;32m  OK  [0m] Finished [0;1;39mFlush Journal to Persistent Storage[0m.
[[0;32m  OK  [0m] Created slice [0;1;39mSlice /system/lvm2-pvscan[0m.
         Starting [0;1;39mLVM event activation on device 8:3[0m...
[[0;32m  OK  [0m] Found device [0;1;39mQEMU_HARDDISK 2[0m.
         Starting [0;1;39mFile System Check‚Ä¶6ac1-4b15-9a36-27202cba2c92[0m...
[[0;32m  OK  [0m] Finished [0;1;39mLVM event activation on device 8:3[0m.
[[0;32m  OK  [0m] Started [0;1;39mFile System Check Daemon to report status[0m.
[[0;32m  OK  [0m] Finished [0;1;39mFile System Check‚Ä¶e-6ac1-4b15-9a36-27202cba2c92[0m.
         Mounting [0;1;39m/boot[0m...
[[0;32m  OK  [0m] Mounted [0;1;39m/boot[0m.
[[0;32m  OK  [0m] Reached target [0;1;39mLocal File Systems[0m.
         Starting [0;1;39mLoad AppArmor profiles[0m...
         Starting [0;1;39mSet console font and keymap[0m...
         Starting [0;1;39mCreate final runt‚Ä¶dir for shutdown pivot root[0m...
         Starting [0;1;39mTell Plymouth To Write Out Runtime Data[0m...
         Starting [0;1;39mSet Up Additional Binary Formats[0m...
         Starting [0;1;39mCreate Volatile Files and Directories[0m...
         Starting [0;1;39mUncomplicated firewall[0m...
[[0;32m  OK  [0m] Finished [0;1;39mSet console font and keymap[0m.
[[0;32m  OK  [0m] Finished [0;1;39mCreate final runt‚Ä¶e dir for shutdown pivot root[0m.
         Mounting [0;1;39mArbitrary Executable File Formats File System[0m...
[[0;32m  OK  [0m] Finished [0;1;39mTell Plymouth To Write Out Runtime Data[0m.
[[0;32m  OK  [0m] Mounted [0;1;39mArbitrary Executable File Formats File System[0m.
[[0;32m  OK  [0m] Finished [0;1;39mCreate Volatile Files and Directories[0m.
         Starting [0;1;39mNetwork Time Synchronization[0m...
         Starting [0;1;39mRecord System Boot/Shutdown in UTMP[0m...
[[0;32m  OK  [0m] Finished [0;1;39mSet Up Additional Binary Formats[0m.
[[0;32m  OK  [0m] Finished [0;1;39mUncomplicated firewall[0m.
[[0;32m  OK  [0m] Finished [0;1;39mRecord System Boot/Shutdown in UTMP[0m.
[[0;32m  OK  [0m] Started [0;1;39mNetwork Time Synchronization[0m.
[[0;32m  OK  [0m] Reached target [0;1;39mSystem Time Set[0m.
[[0;32m  OK  [0m] Finished [0;1;39mLoad AppArmor profiles[0m.
         Starting [0;1;39mLoad AppArmor pro‚Ä¶managed internally by snapd[0m...
         Starting [0;1;39mInitial cloud-init job (pre-networking)[0m...
[[0;32m  OK  [0m] Finished [0;1;39mLoad AppArmor pro‚Ä¶s managed internally by snapd[0m.
[    9.007285] cloud-init[727]: Cloud-init v. 23.3.3-0ubuntu0~22.04.1 running 'init-local' at Sun, 11 Feb 2024 14:14:58 +0000. Up 8.96 seconds.
[[0;32m  OK  [0m] Finished [0;1;39mInitial cloud-init job (pre-networking)[0m.
[[0;32m  OK  [0m] Reached target [0;1;39mPreparation for Network[0m.
         Starting [0;1;39mNetwork Configuration[0m...
[[0;32m  OK  [0m] Started [0;1;39mNetwork Configuration[0m.
         Starting [0;1;39mWait for Network to be Configured[0m...
         Starting [0;1;39mNetwork Name Resolution[0m...
[[0;32m  OK  [0m] Finished [0;1;39mWait for Network to be Configured[0m.
         Starting [0;1;39mInitial cloud-ini‚Ä¶ (metadata service crawler)[0m...
[[0;32m  OK  [0m] Started [0;1;39mNetwork Name Resolution[0m.
[[0;32m  OK  [0m] Reached target [0;1;39mNetwork[0m.
[[0;32m  OK  [0m] Reached target [0;1;39mHost and Network Name Lookups[0m.
[   10.008777] cloud-init[741]: Cloud-init v. 23.3.3-0ubuntu0~22.04.1 running 'init' at Sun, 11 Feb 2024 14:14:59 +0000. Up 9.97 seconds.
[   10.024271] cloud-init[741]: ci-info: ++++++++++++++++++++++++++++++++++++++Net device info++++++++++++++++++++++++++++++++++++++
[   10.027831] cloud-init[741]: ci-info: +--------+------+----------------------------+---------------+--------+-------------------+
[   10.031385] cloud-init[741]: ci-info: | Device |  Up  |          Address           |      Mask     | Scope  |     Hw-Address    |
[   10.034954] cloud-init[741]: ci-info: +--------+------+----------------------------+---------------+--------+-------------------+
[   10.037448] cloud-init[741]: ci-info: |  ens3  | True |         10.0.2.15          | 255.255.255.0 | global | 52:54:00:12:34:56 |
[   10.039216] cloud-init[741]: ci-info: |  ens3  | True | fec0::5054:ff:fe12:3456/64 |       .       |  site  | 52:54:00:12:34:56 |
[   10.041115] cloud-init[741]: ci-info: |  ens3  | True | fe80::5054:ff:fe12:3456/64 |       .       |  link  | 52:54:00:12:34:56 |
[   10.042868] cloud-init[741]: ci-info: |   lo   | True |         127.0.0.1          |   255.0.0.0   |  host  |         .         |
[   10.044646] cloud-init[741]: ci-info: |   lo   | True |          ::1/128           |       .       |  host  |         .         |
[   10.046390] cloud-init[741]: ci-info: +--------+------+----------------------------+---------------+--------+-------------------+
[   10.048171] cloud-init[741]: ci-info: ++++++++++++++++++++++++++++Route IPv4 info+++++++++++++++++++++++++++++
[   10.049755] cloud-init[741]: ci-info: +-------+-------------+----------+-----------------+-----------+-------+
[   10.051334] cloud-init[741]: ci-info: | Route | Destination | Gateway  |     Genmask     | Interface | Flags |
[   10.052800] cloud-init[741]: ci-info: +-------+-------------+----------+-----------------+-----------+-------+
[   10.054175] cloud-init[741]: ci-info: |   0   |   0.0.0.0   | 10.0.2.2 |     0.0.0.0     |    ens3   |   UG  |
[   10.055562] cloud-init[741]: ci-info: |   1   |   0.0.0.0   | 10.0.2.2 |     0.0.0.0     |    ens3   |   UG  |
[   10.057033] cloud-init[741]: ci-info: |   2   |   10.0.2.0  | 0.0.0.0  |  255.255.255.0  |    ens3   |   U   |
[   10.058375] cloud-init[741]: ci-info: |   3   |   10.0.2.2  | 0.0.0.0  | 255.255.255.255 |    ens3   |   UH  |
[   10.059741] cloud-init[741]: ci-info: |   4   |   10.0.2.3  | 0.0.0.0  | 255.255.255.255 |    ens3   |   UH  |
[   10.061127] cloud-init[741]: ci-info: +-------+-------------+----------+-----------------+-----------+-------+
[   10.062640] cloud-init[741]: ci-info: +++++++++++++++++++Route IPv6 info+++++++++++++++++++
[   10.063939] cloud-init[741]: ci-info: +-------+-------------+---------+-----------+-------+
[   10.065305] cloud-init[741]: ci-info: | Route | Destination | Gateway | Interface | Flags |
[   10.066612] cloud-init[741]: ci-info: +-------+-------------+---------+-----------+-------+
[   10.067907] cloud-init[741]: ci-info: |   1   |  fe80::/64  |    ::   |    ens3   |   U   |
[   10.069280] cloud-init[741]: ci-info: |   2   |  fec0::/64  |    ::   |    ens3   |   Ue  |
[   10.070615] cloud-init[741]: ci-info: |   3   |     ::/0    | fe80::2 |    ens3   |  UGe  |
[   10.071896] cloud-init[741]: ci-info: |   5   |    local    |    ::   |    ens3   |   U   |
[   10.073250] cloud-init[741]: ci-info: |   6   |    local    |    ::   |    ens3   |   U   |
[   10.074485] cloud-init[741]: ci-info: |   7   |  multicast  |    ::   |    ens3   |   U   |
[   10.075795] cloud-init[741]: ci-info: +-------+-------------+---------+-----------+-------+
[[0;32m  OK  [0m] Finished [0;1;39mInitial cloud-ini‚Ä¶ob (metadata service crawler)[0m.
[[0;32m  OK  [0m] Reached target [0;1;39mCloud-config availability[0m.
[[0;32m  OK  [0m] Reached target [0;1;39mNetwork is Online[0m.
[[0;32m  OK  [0m] Reached target [0;1;39mSystem Initialization[0m.
[[0;32m  OK  [0m] Started [0;1;39mDaily apt download activities[0m.
[[0;32m  OK  [0m] Started [0;1;39mDaily apt upgrade and clean activities[0m.
[[0;32m  OK  [0m] Started [0;1;39mDaily dpkg database backup timer[0m.
[[0;32m  OK  [0m] Started [0;1;39mPeriodic ext4 Onli‚Ä¶ata Check for All Filesystems[0m.
[[0;32m  OK  [0m] Started [0;1;39mDiscard unused blocks once a week[0m.
[[0;32m  OK  [0m] Started [0;1;39mRefresh fwupd metadata regularly[0m.
[[0;32m  OK  [0m] Started [0;1;39mDaily rotation of log files[0m.
[[0;32m  OK  [0m] Started [0;1;39mDaily man-db regeneration[0m.
[[0;32m  OK  [0m] Started [0;1;39mMessage of the Day[0m.
[[0;32m  OK  [0m] Started [0;1;39mPodman auto-update timer[0m.
[[0;32m  OK  [0m] Started [0;1;39mDaily Cleanup of Temporary Directories[0m.
[[0;32m  OK  [0m] Started [0;1;39mUbuntu Advantage Timer for running repeated jobs[0m.
[[0;32m  OK  [0m] Started [0;1;39mDownload data for ‚Ä¶ailed at package install time[0m.
[[0;32m  OK  [0m] Started [0;1;39mCheck to see wheth‚Ä¶w version of Ubuntu available[0m.
[[0;32m  OK  [0m] Reached target [0;1;39mPath Units[0m.
[[0;32m  OK  [0m] Reached target [0;1;39mTimer Units[0m.
[[0;32m  OK  [0m] Listening on [0;1;39mcloud-init hotplug hook socket[0m.
[[0;32m  OK  [0m] Listening on [0;1;39mD-Bus System Message Bus Socket[0m.
[[0;32m  OK  [0m] Listening on [0;1;39mOpen-iSCSI iscsid Socket[0m.
[[0;32m  OK  [0m] Listening on [0;1;39mPodman API Socket[0m.
[[0;32m  OK  [0m] Listening on [0;1;39mSocket unix for snap application lxd.daemon[0m.
[[0;32m  OK  [0m] Listening on [0;1;39mSocket unix f‚Ä¶p application lxd.user-daemon[0m.
         Starting [0;1;39mSocket activation for snappy daemon[0m...
[[0;32m  OK  [0m] Listening on [0;1;39mUUID daemon activation socket[0m.
[[0;32m  OK  [0m] Finished [0;1;39mAvailability of block devices[0m.
[[0;32m  OK  [0m] Listening on [0;1;39mSocket activation for snappy daemon[0m.
[[0;32m  OK  [0m] Reached target [0;1;39mSocket Units[0m.
[[0;32m  OK  [0m] Reached target [0;1;39mBasic System[0m.
[[0;32m  OK  [0m] Started [0;1;39mD-Bus System Message Bus[0m.
[[0;32m  OK  [0m] Started [0;1;39mSave initial kernel messages after boot[0m.
         Starting [0;1;39mRemove Stale Onli‚Ä¶t4 Metadata Check Snapshots[0m...
         Starting [0;1;39mRecord successful boot for GRUB[0m...
[[0;32m  OK  [0m] Started [0;1;39mirqbalance daemon[0m.
         Starting [0;1;39mDispatcher daemon for systemd-networkd[0m...
         Starting [0;1;39mConnect NVMe-oF s‚Ä¶s automatically during boot[0m...
         Starting [0;1;39mPodman auto-update service[0m...
         Starting [0;1;39mPodman Start All ‚Ä¶estart Policy Set To Always[0m...
         Starting [0;1;39mPodman API Service[0m...
         Starting [0;1;39mAuthorization Manager[0m...
         Starting [0;1;39mSystem Logging Service[0m...
         Starting [0;1;39mService for snap application lxd.activate[0m...
[[0;32m  OK  [0m] Reached target [0;1;39mPreparation for Logins[0m.
         Starting [0;1;39mSnap Daemon[0m...
         Starting [0;1;39mOpenBSD Secure Shell server[0m...
         Starting [0;1;39mUser Login Management[0m...
         Starting [0;1;39mDisk Manager[0m...
[[0;32m  OK  [0m] Started [0;1;39mPodman API Service[0m.
[[0;32m  OK  [0m] Finished [0;1;39mRecord successful boot for GRUB[0m.
         Starting [0;1;39mGRUB failed boot detection[0m...
[[0;32m  OK  [0m] Finished [0;1;39mRemove Stale Onli‚Ä¶ext4 Metadata Check Snapshots[0m.
[[0;32m  OK  [0m] Finished [0;1;39mGRUB failed boot detection[0m.
[[0;32m  OK  [0m] Started [0;1;39mSystem Logging Service[0m.
[[0;32m  OK  [0m] Finished [0;1;39mConnect NVMe-oF s‚Ä¶ems automatically during boot[0m.
[[0;32m  OK  [0m] Reached target [0;1;39mPreparation for Remote File Systems[0m.
[[0;32m  OK  [0m] Reached target [0;1;39mRemote File Systems[0m.
         Starting [0;1;39mLSB: automatic crash report generation[0m...
[[0;32m  OK  [0m] Started [0;1;39mRegular background program processing daemon[0m.
         Starting [0;1;39mPermit User Sessions[0m...
[[0;32m  OK  [0m] Finished [0;1;39mPermit User Sessions[0m.
         Starting [0;1;39mHold until boot process finishes up[0m...
         Starting [0;1;39mTerminate Plymouth Boot Screen[0m...
[[0;32m  OK  [0m] Finished [0;1;39mHold until boot process finishes up[0m.
[[0;32m  OK  [0m] Started [0;1;39mSerial Getty on ttyS0[0m.
         Starting [0;1;39mSet console scheme[0m...
[[0;32m  OK  [0m] Finished [0;1;39mTerminate Plymouth Boot Screen[0m.
[[0;32m  OK  [0m] Finished [0;1;39mSet console scheme[0m.
[[0;32m  OK  [0m] Created slice [0;1;39mSlice /system/getty[0m.
[[0;32m  OK  [0m] Started [0;1;39mGetty on tty1[0m.
[[0;32m  OK  [0m] Reached target [0;1;39mLogin Prompts[0m.
[[0;32m  OK  [0m] Started [0;1;39mUser Login Management[0m.
[[0;32m  OK  [0m] Started [0;1;39mUnattended Upgrades Shutdown[0m.
[[0;32m  OK  [0m] Started [0;1;39mDispatcher daemon for systemd-networkd[0m.
[[0;32m  OK  [0m] Started [0;1;39mOpenBSD Secure Shell server[0m.
[[0;32m  OK  [0m] Started [0;1;39mLSB: automatic crash report generation[0m.
